T 112X40
#
# mapa de Teste para o TP4. por NOS!
#
# Objetos utilizados
o mesa_redonda ../data/models/objetos/icex/mesa_redonda.dcc
o mesa_braco ../data/models/objetos/icex/mesa_braco.dcc
o computador ../data/models/objetos/geral/computador.dcc
o cadeira ../data/models/objetos/icex/cadeira.dcc
o mesa ../data/models/objetos/icex/mesa.dcc
o poste ../data/models/objetos/icex/poste.dcc
o macaco ../data/models/objetos/geral/macaco.dcc
# Texturas Utilizadas
t parede_rosa ../data/texturas/parede_rosa.jpg
t parede_grade ../data/texturas/parede_grade.jpg
t chao_cimento ../data/texturas/chao_cimento.jpg
t chao_tapeteroxo ../data/texturas/chao_asfalto.jpg
t chao_tapeteazul ../data/texturas/chao_tapeteazul.jpg
t chao_tapetevermelho ../data/texturas/chao_tapetevermelho.jpg
t chao_asfalto ../data/texturas/chao_asfalto.jpg
t chao_madeira ../data/texturas/chao_madeira.jpg
t chao_grama ../data/texturas/chao_grama.jpg
#definicao dos muros
muro 0,0,31,0
mt parede_rosa
muro 36,0,78,0
mt parede_rosa
muro 79,0,97,0
mt parede_grade
muro 98,0,111,0
mt parede_rosa
muro 0,1,0,12
mt parede_rosa
muro 17,1,17,12
mt parede_rosa
muro 18,1,18,12
mt parede_rosa
muro 31,1,31,12
mt parede_rosa
muro 36,1,36,12
mt parede_rosa
muro 51,1,51,12
mt parede_rosa
muro 66,1,66,12
mt parede_rosa
muro 78,1,78,6
mt parede_rosa
muro 78,9,78,12
mt parede_rosa
muro 98,1,98,12
mt parede_rosa
muro 111,1,111,12
mt parede_rosa
muro 0,13,7,13
mt parede_rosa
muro 10,13,23,13
mt parede_rosa
muro 26,13,31,13
mt parede_rosa
muro 36,13,42,13
mt parede_rosa
muro 45,13,57,13
mt parede_rosa
muro 60,13,78,13
mt parede_rosa
muro 98,13,102,13
mt parede_rosa
muro 105,13,111,13
mt parede_rosa
muro 51,22,78,22
mt parede_rosa
muro 51,35,78,35
mt parede_rosa
muro 51,23,51,29
mt parede_rosa
muro 51,32,51,34
mt parede_rosa
muro 66,23,66,34
mt parede_rosa
muro 78,23,78,29
mt parede_rosa
muro 78,32,78,34
mt parede_rosa
# termino da definicao de muros
#
# inicio da definicao dos quadrados
#
# LINHA 1
#
p 0
ut chao_cimento
p 0
ut chao_cimento
p 0
ut chao_cimento
p 0
ut chao_cimento
p 0
ut chao_cimento
p 0
ut chao_cimento
p 0
ut chao_cimento
p 0
ut chao_cimento
p 0
ut chao_cimento
p 0
ut chao_cimento
p 0
ut chao_cimento
p 0
ut chao_cimento
p 0
ut chao_cimento
p 0
ut chao_cimento
p 0
ut chao_cimento
p 0
ut chao_cimento
p 0
ut chao_cimento
p 0
ut chao_cimento
p 0
ut chao_cimento
p 0
ut chao_cimento
p 0
ut chao_cimento
p 0
ut chao_cimento
p 0
ut chao_cimento
p 0
ut chao_cimento
p 0
ut chao_cimento
p 0
ut chao_cimento
p 0
ut chao_cimento
p 0
ut chao_cimento
p 0
ut chao_cimento
p 0
ut chao_cimento
p 0
ut chao_cimento
p 0
ut chao_cimento
p 1
ut chao_cimento
p 1
ut chao_cimento
p 1
ut chao_cimento
p 1
ut chao_cimento
p 0
ut chao_cimento
p 0
ut chao_cimento
p 0
ut chao_cimento
p 0
ut chao_cimento
p 0
ut chao_cimento
p 0
ut chao_cimento
p 0
ut chao_cimento
p 0
ut chao_cimento
p 0
ut chao_cimento
p 0
ut chao_cimento
p 0
ut chao_cimento
p 0
ut chao_cimento
p 0
ut chao_cimento
p 0
ut chao_cimento
p 0
ut chao_cimento
p 0
ut chao_cimento
p 0
ut chao_cimento
p 0
ut chao_cimento
p 0
ut chao_cimento
p 0
ut chao_cimento
p 0
ut chao_cimento
p 0
ut chao_cimento
p 0
ut chao_cimento
p 0
ut chao_cimento
p 0
ut chao_cimento
p 0
ut chao_cimento
p 0
ut chao_cimento
p 0
ut chao_cimento
p 0
ut chao_cimento
p 0
ut chao_cimento
p 0
ut chao_cimento
p 0
ut chao_cimento
p 0
ut chao_cimento
p 0
ut chao_cimento
p 0
ut chao_cimento
p 0
ut chao_cimento
p 0
ut chao_cimento
p 0
ut chao_cimento
p 0
ut chao_cimento
p 0
ut chao_cimento
p 0
ut chao_cimento
p 0
ut chao_cimento
p 0
ut chao_cimento
p 0
ut chao_cimento
p 0
ut chao_cimento
p 0
ut chao_cimento
p 0
ut chao_cimento
p 0
ut chao_cimento
p 0
ut chao_cimento
p 0
ut chao_cimento
p 0
ut chao_cimento
p 0
ut chao_cimento
p 0
ut chao_cimento
p 0
ut chao_cimento
p 0
ut chao_cimento
p 0
ut chao_cimento
p 0
ut chao_cimento
p 0
ut chao_cimento
p 0
ut chao_cimento
p 0
ut chao_cimento
p 0
ut chao_cimento
p 0
ut chao_cimento
p 0
ut chao_cimento
p 0
ut chao_cimento
p 0
ut chao_cimento
p 0
ut chao_cimento
p 0
ut chao_cimento
p 0
ut chao_cimento
p 0
ut chao_cimento
p 0
ut chao_cimento
p 0
ut chao_cimento
p 0
ut chao_cimento
p 0
ut chao_cimento
p 0
ut chao_cimento
p 0
ut chao_cimento
p 0
ut chao_cimento
#
# LINHA 2 DDDDDDDDOOOOOOIIIIIISSSSSSSSS!!!!
#
p 0
ut chao_cimento
p 1
ut chao_tapeteroxo
p 1
ut chao_tapeteroxo
p 1
ut chao_tapeteroxo
p 1
ut chao_tapeteroxo
p 1
ut chao_tapeteroxo
p 1
ut chao_tapeteroxo
p 1
ut chao_tapeteroxo
p 1
ut chao_tapeteazul
p 1
ut chao_tapeteazul
p 1
ut chao_tapeteroxo
p 1
ut chao_tapeteroxo
p 1
ut chao_tapeteroxo
p 1
ut chao_tapeteroxo
p 1
ut chao_tapeteroxo
p 1
ut chao_tapeteroxo
p 1
ut chao_tapeteroxo
p 0
ut chao_cimento
p 0
ut chao_cimento
p 1
ut chao_asfalto
p 1
ut chao_asfalto
p 1
ut chao_asfalto
p 1
ut chao_asfalto
p 1
ut chao_asfalto
p 1
ut chao_asfalto
p 1
ut chao_asfalto
p 1
ut chao_asfalto
p 1
ut chao_asfalto
p 1
ut chao_asfalto
p 1
ut chao_asfalto
p 1
ut chao_asfalto
p 0
ut chao_cimento
p 1
ut chao_cimento
p 1
ut chao_cimento
p 1
ut chao_cimento
p 1
ut chao_cimento
p 0
ut chao_cimento
p 1
ut chao_madeira
p 1
ut chao_madeira
p 1
ut chao_madeira
p 1
ut chao_madeira
p 1
ut chao_madeira
p 1
ut chao_madeira
p 1
ut chao_madeira
p 1
ut chao_madeira
p 1
ut chao_madeira
p 1
ut chao_madeira
p 1
ut chao_madeira
p 1
ut chao_madeira
p 1
ut chao_madeira
p 1
ut chao_madeira
p 0
ut chao_cimento
p 1 
ut chao_madeira
p 1
ut chao_madeira
p 1
ut chao_madeira
p 1
ut chao_madeira
p 1
ut chao_madeira
p 1
ut chao_madeira
p 1
ut chao_madeira
p 1
ut chao_madeira
p 1
ut chao_madeira
p 1
ut chao_madeira
p 1
ut chao_madeira
p 1
ut chao_madeira
p 1
ut chao_madeira
p 1
ut chao_madeira
p 0
ut chao_cimento
p 1
ut chao_madeira
p 1
ut chao_madeira
p 1
ut chao_madeira
p 1
ut chao_madeira
p 1
ut chao_madeira
p 1
ut chao_madeira
p 1
ut chao_madeira
p 1
ut chao_madeira
p 1
ut chao_madeira
p 1
ut chao_madeira
p 1
ut chao_madeira
p 0
ut chao_cimento
p 1
ut chao_cimento
p 1
ut chao_cimento
p 1
ut chao_cimento
p 1
ut chao_cimento
p 1
ut chao_cimento
p 1
ut chao_cimento
p 1
ut chao_cimento
p 1
ut chao_cimento
p 1
ut chao_cimento
p 1
ut chao_cimento
p 1
ut chao_cimento
p 1
ut chao_cimento
p 1
ut chao_cimento
p 1
ut chao_cimento
p 1
ut chao_cimento
p 1
ut chao_cimento
p 1
ut chao_cimento
p 1
ut chao_cimento
p 1
ut chao_cimento
p 0
ut chao_cimento
p 1
ut chao_madeira
p 1
ut chao_madeira
p 1
ut chao_madeira
p 1
ut chao_madeira
p 1
ut chao_madeira
p 1
ut chao_madeira
p 1
ut chao_madeira
p 1
ut chao_madeira
p 1
ut chao_madeira
p 1
ut chao_madeira
p 1
ut chao_madeira
p 1
ut chao_madeira
p 0
ut chao_cimento
#
#LINHA 3 TTTTTTTTTTTRRRRRRRRRREEEEEESSSSSSSSSSSSSS
#
p 0
ut chao_cimento
p 1
ut chao_tapeteroxo
p 1
ut chao_tapeteroxo
p 1
ut chao_tapeteroxo
p 1
ut chao_tapeteroxo
p 1
ut chao_tapeteroxo
p 1
ut chao_tapeteroxo
p 1
ut chao_tapeteroxo
p 1
ut chao_tapeteazul
p 1
ut chao_tapeteazul
p 1
ut chao_tapeteroxo
p 1
ut chao_tapeteroxo
p 1
ut chao_tapeteroxo
p 1
ut chao_tapeteroxo
p 1
ut chao_tapeteroxo
p 1
ut chao_tapeteroxo
p 1
ut chao_tapeteroxo
p 0
ut chao_cimento
p 0
ut chao_cimento
p 1
ut chao_asfalto
p 1
ut chao_asfalto
p 1
ut chao_asfalto
p 1
ut chao_asfalto
p 1
ut chao_asfalto
p 1
ut chao_asfalto
p 1
ut chao_asfalto
p 1
ut chao_asfalto
p 1
ut chao_asfalto
p 1
ut chao_asfalto
p 1
ut chao_asfalto
p 1
ut chao_asfalto
p 0
ut chao_cimento
p 1
ut chao_cimento
p 1
ut chao_cimento
p 1
ut chao_cimento
p 1
ut chao_cimento
p 0
ut chao_cimento
p 1
ut chao_madeira
p 1
ut chao_madeira
p 1
ut chao_madeira
p 1
ut chao_madeira
p 1
ut chao_madeira
p 1
ut chao_madeira
p 1
ut chao_madeira
p 1
ut chao_madeira
p 1
ut chao_madeira
p 1
ut chao_madeira
p 1
ut chao_madeira
p 1
ut chao_madeira
p 1
ut chao_madeira
p 1
ut chao_madeira
p 0
ut chao_cimento
p 1 
ut chao_madeira
p 1
ut chao_madeira
p 1
ut chao_madeira
p 1
ut chao_madeira
p 1
ut chao_madeira
p 1
ut chao_madeira
p 1
ut chao_madeira
p 1
ut chao_madeira
p 1
ut chao_madeira
p 1
ut chao_madeira
p 1
ut chao_madeira
p 1
ut chao_madeira
p 1
ut chao_madeira
p 1
ut chao_madeira
p 0
ut chao_cimento
p 1
ut chao_madeira
p 1
ut chao_madeira
p 1
ut chao_madeira
uo mesa 1:70,3
p 1
ut chao_madeira
uo mesa 1:71,3
p 1
ut chao_madeira
uo mesa 1:72,3
p 1
ut chao_madeira
uo mesa 1:73,3
p 1
ut chao_madeira
uo mesa 1:74,3
p 1
ut chao_madeira
p 1
ut chao_madeira
p 1
ut chao_madeira
p 1
ut chao_madeira
p 0
ut chao_cimento
p 1
ut chao_cimento
p 1
ut chao_cimento
p 1
ut chao_cimento
p 1
ut chao_cimento
p 1
ut chao_cimento
p 1
ut chao_cimento
p 1
ut chao_cimento
p 1
ut chao_cimento
p 1
ut chao_cimento
p 1
ut chao_cimento
p 1
ut chao_cimento
p 1
ut chao_cimento
p 1
ut chao_cimento
p 1
ut chao_cimento
p 1
ut chao_cimento
p 1
ut chao_cimento
p 1
ut chao_cimento
p 1
ut chao_cimento
p 1
ut chao_cimento
p 0
ut chao_cimento
p 1
ut chao_madeira
p 1
ut chao_madeira
p 1
ut chao_madeira
p 1
ut chao_madeira
p 1
ut chao_madeira
p 1
ut chao_madeira
p 1
ut chao_madeira
p 1
ut chao_madeira
p 1
ut chao_madeira
p 1
ut chao_madeira
p 1
ut chao_madeira
p 1
ut chao_madeira
p 0
ut chao_cimento
#
# LINHA 4 QQQQQUUUUUUAAATTTTTRRRRROOOOOO!!!!!!
#
p 0
ut chao_cimento
p 1
ut chao_tapeteroxo
p 1
ut chao_tapeteroxo
p 1
ut chao_tapeteroxo
p 1
ut chao_tapeteroxo
p 1
ut chao_tapeteroxo
p 1
ut chao_tapeteroxo
p 1
ut chao_tapeteroxo
p 1
ut chao_tapeteazul
p 1
ut chao_tapeteazul
p 1
ut chao_tapeteroxo
p 1
ut chao_tapeteroxo
p 1
ut chao_tapeteroxo
p 1
ut chao_tapeteroxo
p 1
ut chao_tapeteroxo
p 1
ut chao_tapeteroxo
p 1
ut chao_tapeteroxo
p 0
ut chao_cimento
p 0
ut chao_cimento
p 1
ut chao_asfalto
p 1
ut chao_asfalto
p 1
ut chao_asfalto
uo mesa_braco 1:22,4
p 1
ut chao_asfalto
p 1
ut chao_asfalto
p 1
ut chao_asfalto
uo mesa_braco 1:25,4
p 1
ut chao_asfalto
p 1
ut chao_asfalto
p 1
ut chao_asfalto
uo mesa_braco 1:28,4
p 1
ut chao_asfalto
uo mesa_braco 1:29,4
p 1
ut chao_asfalto
p 1
ut chao_asfalto
p 0
ut chao_cimento
p 1
ut chao_cimento
p 1
ut chao_cimento
p 1
ut chao_cimento
p 1
ut chao_cimento
p 0
ut chao_cimento
p 1
ut chao_madeira
p 1
ut chao_madeira
p 1
ut chao_madeira
p 1
ut chao_madeira
p 1
ut chao_madeira
p 1
ut chao_madeira
p 1
ut chao_madeira
p 1
ut chao_madeira
p 1
ut chao_madeira
p 1
ut chao_madeira
p 1
ut chao_madeira
p 1
ut chao_madeira
p 1
ut chao_madeira
p 1
ut chao_madeira
p 0
ut chao_cimento
p 1 
ut chao_madeira
p 1
ut chao_madeira
p 1
ut chao_madeira
p 1
ut chao_madeira
p 1
ut chao_madeira
p 1
ut chao_madeira
p 1
ut chao_madeira
p 1
ut chao_madeira
p 1
ut chao_madeira
p 1
ut chao_madeira
p 1
ut chao_madeira
p 1
ut chao_madeira
p 1
ut chao_madeira
p 1
ut chao_madeira
p 0
ut chao_cimento
p 1
ut chao_madeira
p 1
ut chao_madeira
p 1
ut chao_madeira
uo cadeira 1:70,4
p 1
ut chao_madeira
uo cadeira 1:71,4
p 1
ut chao_madeira
uo cadeira 1:72,4
p 1
ut chao_madeira
uo cadeira 1:73,4
p 1
ut chao_madeira
uo cadeira 1:74,4
p 1
ut chao_madeira
p 1
ut chao_madeira
p 1
ut chao_madeira
p 1
ut chao_madeira
p 0
ut chao_cimento
p 1
ut chao_cimento
p 1
ut chao_cimento
p 1
ut chao_cimento
p 1
ut chao_cimento
p 1
ut chao_cimento
p 1
ut chao_cimento
p 1
ut chao_cimento
p 1
ut chao_cimento
p 1
ut chao_cimento
p 1
ut chao_cimento
p 1
ut chao_cimento
p 1
ut chao_cimento
p 1
ut chao_cimento
p 1
ut chao_cimento
p 1
ut chao_cimento
p 1
ut chao_cimento
p 1
ut chao_cimento
p 1
ut chao_cimento
p 1
ut chao_cimento
p 0
ut chao_cimento
p 1
ut chao_madeira
p 1
ut chao_madeira
p 1
ut chao_madeira
p 1
ut chao_madeira
p 1
ut chao_madeira
p 1
ut chao_madeira
p 1
ut chao_madeira
p 1
ut chao_madeira
p 1
ut chao_madeira
p 1
ut chao_madeira
p 1
ut chao_madeira
p 1
ut chao_madeira
p 0
ut chao_cimento
#
# LINHA 5 CCCCCCCCCIIIIIIIINNNNNNNNNCCCCCOOOOOOOOOOOOOOOOOOO
#
p 0
ut chao_cimento
p 1
ut chao_tapeteroxo
p 1
ut chao_tapeteroxo
p 1
ut chao_tapeteroxo
p 1
ut chao_tapeteroxo
p 1
ut chao_tapeteroxo
p 1
ut chao_tapetevermelho
p 1
ut chao_tapetevermelho
p 1
ut chao_tapetevermelho
p 1
ut chao_tapetevermelho
p 1
ut chao_tapetevermelho
p 1
ut chao_tapetevermelho
p 1
ut chao_tapeteroxo
p 1
ut chao_tapeteroxo
p 1
ut chao_tapeteroxo
p 1
ut chao_tapeteroxo
p 1
ut chao_tapeteroxo
p 0
ut chao_cimento
p 0
ut chao_cimento
p 1
ut chao_asfalto
p 1
ut chao_asfalto
p 1
ut chao_asfalto
p 1
ut chao_asfalto
p 1
ut chao_asfalto
p 1
ut chao_asfalto
p 1
ut chao_asfalto
p 1
ut chao_asfalto
p 1
ut chao_asfalto
p 1
ut chao_asfalto
p 1
ut chao_asfalto
p 1
ut chao_asfalto
p 0
ut chao_cimento
p 1
ut chao_cimento
p 1
ut chao_cimento
p 1
ut chao_cimento
p 1
ut chao_cimento
p 0
ut chao_cimento
p 1
ut chao_madeira
p 1
ut chao_madeira
p 1
ut chao_madeira
p 1
ut chao_madeira
p 1
ut chao_madeira
p 1
ut chao_madeira
p 1
ut chao_madeira
p 1
ut chao_madeira
p 1
ut chao_madeira
p 1
ut chao_madeira
p 1
ut chao_madeira
p 1
ut chao_madeira
p 1
ut chao_madeira
p 1
ut chao_madeira
p 0
ut chao_cimento
p 1 
ut chao_madeira
p 1
ut chao_madeira
p 1
ut chao_madeira
p 1
ut chao_madeira
p 1
ut chao_madeira
p 1
ut chao_madeira
p 1
ut chao_madeira
p 1
ut chao_madeira
p 1
ut chao_madeira
p 1
ut chao_madeira
p 1
ut chao_madeira
p 1
ut chao_madeira
p 1
ut chao_madeira
p 1
ut chao_madeira
p 0
ut chao_cimento
p 1
ut chao_madeira
p 1
ut chao_madeira
p 1
ut chao_madeira
p 1
ut chao_madeira
p 1
ut chao_madeira
p 1
ut chao_madeira
p 1
ut chao_madeira
p 1
ut chao_madeira
p 1
ut chao_madeira
p 1
ut chao_madeira
p 1
ut chao_madeira
p 0
ut chao_cimento
p 1
ut chao_cimento
p 1
ut chao_cimento
p 1
ut chao_cimento
p 1
ut chao_cimento
p 1
ut chao_cimento
p 1
ut chao_cimento
p 1
ut chao_cimento
p 1
ut chao_cimento
p 1
ut chao_cimento
p 1
ut chao_cimento
p 1
ut chao_cimento
p 1
ut chao_cimento
p 1
ut chao_cimento
p 1
ut chao_cimento
p 1
ut chao_cimento
p 1
ut chao_cimento
p 1
ut chao_cimento
p 1
ut chao_cimento
p 1
ut chao_cimento
p 0
ut chao_cimento
p 1
ut chao_madeira
p 1
ut chao_madeira
p 1
ut chao_madeira
p 1
ut chao_madeira
p 1
ut chao_madeira
p 1
ut chao_madeira
p 1
ut chao_madeira
p 1
ut chao_madeira
p 1
ut chao_madeira
p 1
ut chao_madeira
p 1
ut chao_madeira
p 1
ut chao_madeira
p 0
ut chao_cimento
#
# LINHA 6 SSSSSSSSEEEEEEEEEEEIIIIIIIIIISSSSSSSSSSS!!!!!!
#
p 0
ut chao_cimento
p 1
ut chao_tapeteroxo
p 1
ut chao_tapeteroxo
p 1
ut chao_tapeteroxo
p 1
ut chao_tapeteroxo
p 1
ut chao_tapeteroxo
p 1
ut chao_tapetevermelho
p 1
ut chao_tapetevermelho
p 1
ut chao_tapeteazul
p 1
ut chao_tapeteazul
p 1
ut chao_tapetevermelho
p 1
ut chao_tapetevermelho
p 1
ut chao_tapeteroxo
p 1
ut chao_tapeteroxo
p 1
ut chao_tapeteroxo
p 1
ut chao_tapeteroxo
p 1
ut chao_tapeteroxo
p 0
ut chao_cimento
p 0
ut chao_cimento
p 1
ut chao_asfalto
p 1
ut chao_asfalto
p 1
ut chao_asfalto
p 1
ut chao_asfalto
p 1
ut chao_asfalto
p 1
ut chao_asfalto
p 1
ut chao_asfalto
p 1
ut chao_asfalto
p 1
ut chao_asfalto
p 1
ut chao_asfalto
p 1
ut chao_asfalto
p 1
ut chao_asfalto
p 0
ut chao_cimento
p 1
ut chao_cimento
p 1
ut chao_cimento
p 1
ut chao_cimento
p 1
ut chao_cimento
p 0
ut chao_cimento
p 1
ut chao_madeira
p 1
ut chao_madeira
p 1
ut chao_madeira
p 1
ut chao_madeira
p 1
ut chao_madeira
p 1
ut chao_madeira
p 1
ut chao_madeira
p 1
ut chao_madeira
p 1
ut chao_madeira
p 1
ut chao_madeira
p 1
ut chao_madeira
p 1
ut chao_madeira
p 1
ut chao_madeira
p 1
ut chao_madeira
p 0
ut chao_cimento
p 1 
ut chao_madeira
p 1
ut chao_madeira
p 1
ut chao_madeira
p 1
ut chao_madeira
p 1
ut chao_madeira
p 1
ut chao_madeira
p 1
ut chao_madeira
p 1
ut chao_madeira
p 1
ut chao_madeira
p 1
ut chao_madeira
p 1
ut chao_madeira
p 1
ut chao_madeira
p 1
ut chao_madeira
p 1
ut chao_madeira
p 0
ut chao_cimento
p 1
ut chao_madeira
p 1
ut chao_madeira
p 1
ut chao_madeira
p 1
ut chao_madeira
p 1
ut chao_madeira
p 1
ut chao_madeira
p 1
ut chao_madeira
p 1
ut chao_madeira
p 1
ut chao_madeira
p 1
ut chao_madeira
p 1
ut chao_madeira
p 0
ut chao_cimento
p 1
ut chao_cimento
p 1
ut chao_cimento
p 1
ut chao_cimento
p 1
ut chao_cimento
p 1
ut chao_cimento
p 1
ut chao_cimento
p 1
ut chao_cimento
p 1
ut chao_cimento
p 1
ut chao_cimento
p 1
ut chao_cimento
p 1
ut chao_cimento
p 1
ut chao_cimento
p 1
ut chao_cimento
p 1
ut chao_cimento
p 1
ut chao_cimento
p 1
ut chao_cimento
p 1
ut chao_cimento
p 1
ut chao_cimento
p 1
ut chao_cimento
p 0
ut chao_cimento
p 1
ut chao_madeira
p 1
ut chao_madeira
p 1
ut chao_madeira
p 1
ut chao_madeira
p 1
ut chao_madeira
p 1
ut chao_madeira
p 1
ut chao_madeira
p 1
ut chao_madeira
p 1
ut chao_madeira
p 1
ut chao_madeira
p 1
ut chao_madeira
p 1
ut chao_madeira
p 0
ut chao_cimento
#
# LINHA 7 SSSSSEEEEEEEEEEEEEEEEEEETTTTTTTTTEEEEEEEEEEEEE!!!!!!!!!!!!!
#
#
p 0
ut chao_cimento
p 1
ut chao_tapeteazul
p 1
ut chao_tapeteazul
p 1
ut chao_tapeteazul
p 1
ut chao_tapeteazul
p 1
ut chao_tapeteazul
p 1
ut chao_tapetevermelho
p 1
ut chao_tapeteazul
p 1
ut chao_tapeteazul
p 1
ut chao_tapeteazul
p 1
ut chao_tapeteazul
p 1
ut chao_tapetevermelho
p 1
ut chao_tapeteazul
p 1
ut chao_tapeteazul
p 1
ut chao_tapeteazul
p 1
ut chao_tapeteazul
p 1
ut chao_tapeteazul
p 0
ut chao_cimento
p 0
ut chao_cimento
p 1
ut chao_asfalto
p 1
ut chao_asfalto
p 1
ut chao_asfalto
uo mesa_braco 1:22,7
p 1
ut chao_asfalto
p 1
ut chao_asfalto
p 1
ut chao_asfalto
uo mesa_braco 1:25,7
p 1
ut chao_asfalto
p 1
ut chao_asfalto
p 1
ut chao_asfalto
uo mesa_braco 1:27,7
p 1
ut chao_asfalto
uo mesa_braco 1:28,7
p 1
ut chao_asfalto
p 1
ut chao_asfalto
p 0
ut chao_cimento
p 1
ut chao_cimento
p 1
ut chao_cimento
p 1
ut chao_cimento
p 1
ut chao_cimento
p 0
ut chao_cimento
p 1
ut chao_madeira
p 1
ut chao_madeira
p 1
ut chao_madeira
p 1
ut chao_madeira
p 1
ut chao_madeira
p 1
ut chao_madeira
p 1
ut chao_madeira
p 1
ut chao_madeira
p 1
ut chao_madeira
p 1
ut chao_madeira
p 1
ut chao_madeira
p 1
ut chao_madeira
p 1
ut chao_madeira
p 1
ut chao_madeira
p 0
ut chao_cimento
p 1 
ut chao_madeira
p 1
ut chao_madeira
p 1
ut chao_madeira
p 1
ut chao_madeira
p 1
ut chao_madeira
p 1
ut chao_madeira
p 1
ut chao_madeira
p 1
ut chao_madeira
p 1
ut chao_madeira
p 1
ut chao_madeira
p 1
ut chao_madeira
p 1
ut chao_madeira
p 1
ut chao_madeira
p 1
ut chao_madeira
p 0
ut chao_cimento
p 1
ut chao_madeira
p 1
ut chao_madeira
p 1
ut chao_madeira
uo mesa 1:70,7
p 1
ut chao_madeira
uo mesa 1:71,7
p 1
ut chao_madeira
uo mesa 1:72,7
p 1
ut chao_madeira
p 1
ut chao_madeira
p 1
ut chao_madeira
p 1
ut chao_madeira
p 1
ut chao_madeira
p 1
ut chao_madeira
p 0
ut chao_cimento
p 1
ut chao_cimento
p 1
ut chao_cimento
p 1
ut chao_cimento
p 1
ut chao_cimento
p 1
ut chao_cimento
p 1
ut chao_cimento
p 1
ut chao_cimento
p 1
ut chao_cimento
p 1
ut chao_cimento
p 1
ut chao_cimento
p 1
ut chao_cimento
p 1
ut chao_cimento
p 1
ut chao_cimento
p 1
ut chao_cimento
p 1
ut chao_cimento
p 1
ut chao_cimento
p 1
ut chao_cimento
p 1
ut chao_cimento
p 1
ut chao_cimento
p 0
ut chao_cimento
p 1
ut chao_madeira
p 1
ut chao_madeira
p 1
ut chao_madeira
p 1
ut chao_madeira
p 1
ut chao_madeira
p 1
ut chao_madeira
p 1
ut chao_madeira
p 1
ut chao_madeira
p 1
ut chao_madeira
p 1
ut chao_madeira
p 1
ut chao_madeira
p 1
ut chao_madeira
p 0
ut chao_cimento
# 
#LINHA 8 OOOOOOOOOOIIIIIIIIIIIIIIIIIITTTTTTTTTOOOOOOOOOOOOO!!!!
#
#
#
p 0
ut chao_cimento
p 1
ut chao_tapeteazul
p 1
ut chao_tapeteazul
p 1
ut chao_tapeteazul
p 1
ut chao_tapeteazul
p 1
ut chao_tapeteazul
p 1
ut chao_tapetevermelho
p 1
ut chao_tapeteazul
p 1
ut chao_tapeteazul
p 1
ut chao_tapeteazul
p 1
ut chao_tapeteazul
p 1
ut chao_tapetevermelho
p 1
ut chao_tapeteazul
p 1
ut chao_tapeteazul
p 1
ut chao_tapeteazul
p 1
ut chao_tapeteazul
p 1
ut chao_tapeteazul
p 0
ut chao_cimento
p 0
ut chao_cimento
p 1
ut chao_asfalto
p 1
ut chao_asfalto
p 1
ut chao_asfalto
p 1
ut chao_asfalto
p 1
ut chao_asfalto
p 1
ut chao_asfalto
p 1
ut chao_asfalto
p 1
ut chao_asfalto
p 1
ut chao_asfalto
p 1
ut chao_asfalto
p 1
ut chao_asfalto
p 1
ut chao_asfalto
p 0
ut chao_cimento
p 1
ut chao_cimento
p 1
ut chao_cimento
p 1
ut chao_cimento
p 1
ut chao_cimento
p 0
ut chao_cimento
p 1
ut chao_madeira
p 1
ut chao_madeira
p 1
ut chao_madeira
p 1
ut chao_madeira
p 1
ut chao_madeira
p 1
ut chao_madeira
p 1
ut chao_madeira
p 1
ut chao_madeira
p 1
ut chao_madeira
p 1
ut chao_madeira
p 1
ut chao_madeira
p 1
ut chao_madeira
p 1
ut chao_madeira
p 1
ut chao_madeira
p 0
ut chao_cimento
p 1 
ut chao_madeira
p 1
ut chao_madeira
p 1
ut chao_madeira
p 1
ut chao_madeira
p 1
ut chao_madeira
p 1
ut chao_madeira
p 1
ut chao_madeira
p 1
ut chao_madeira
p 1
ut chao_madeira
p 1
ut chao_madeira
p 1
ut chao_madeira
p 1
ut chao_madeira
p 1
ut chao_madeira
p 1
ut chao_madeira
p 0
ut chao_cimento
p 1
ut chao_madeira
p 1
ut chao_madeira
p 1
ut chao_madeira
uo cadeira 1:70,8
p 1
ut chao_madeira
uo cadeira 1:71,8
p 1
ut chao_madeira
uo cadeira 1:72,8
p 1
ut chao_madeira
p 1
ut chao_madeira
p 1
ut chao_madeira
p 1
ut chao_madeira
p 1
ut chao_madeira
p 1
ut chao_madeira
p 1
ut chao_madeira
p 1
ut chao_cimento
p 1
ut chao_cimento
p 1
ut chao_cimento
p 1
ut chao_cimento
p 1
ut chao_cimento
p 1
ut chao_cimento
p 1
ut chao_cimento
p 1
ut chao_cimento
p 1
ut chao_cimento
p 1
ut chao_cimento
p 1
ut chao_cimento
p 1
ut chao_cimento
p 1
ut chao_cimento
p 1
ut chao_cimento
p 1
ut chao_cimento
p 1
ut chao_cimento
p 1
ut chao_cimento
p 1
ut chao_cimento
p 1
ut chao_cimento
p 0
ut chao_cimento
p 1
ut chao_madeira
p 1
ut chao_madeira
p 1
ut chao_madeira
p 1
ut chao_madeira
p 1
ut chao_madeira
p 1
ut chao_madeira
p 1
ut chao_madeira
p 1
ut chao_madeira
p 1
ut chao_madeira
p 1
ut chao_madeira
p 1
ut chao_madeira
p 1
ut chao_madeira
p 0
ut chao_cimento
#
#LINHA 9 NNNNNNNNNNNOOOOOOOOOOOOOOOVVVVVVVVVVEEEEEEEEEEEE!!!!
#
#
p 0
ut chao_cimento
p 1
ut chao_tapeteroxo
p 1
ut chao_tapeteroxo
p 1
ut chao_tapeteroxo
p 1
ut chao_tapeteroxo
p 1
ut chao_tapeteroxo
p 1
ut chao_tapetevermelho
p 1
ut chao_tapetevermelho
p 1
ut chao_tapeteazul
p 1
ut chao_tapeteazul
p 1
ut chao_tapetevermelho
p 1
ut chao_tapetevermelho
p 1
ut chao_tapeteroxo
p 1
ut chao_tapeteroxo
p 1
ut chao_tapeteroxo
p 1
ut chao_tapeteroxo
p 1
ut chao_tapeteroxo
p 0
ut chao_cimento
p 0
ut chao_cimento
p 1
ut chao_asfalto
p 1
ut chao_asfalto
p 1
ut chao_asfalto
p 1
ut chao_asfalto
p 1
ut chao_asfalto
p 1
ut chao_asfalto
p 1
ut chao_asfalto
p 1
ut chao_asfalto
p 1
ut chao_asfalto
p 1
ut chao_asfalto
p 1
ut chao_asfalto
p 1
ut chao_asfalto
p 0
ut chao_cimento
p 1
ut chao_cimento
p 1
ut chao_cimento
p 1
ut chao_cimento
p 1
ut chao_cimento
p 0
ut chao_cimento
p 1
ut chao_madeira
p 1
ut chao_madeira
p 1
ut chao_madeira
p 1
ut chao_madeira
p 1
ut chao_madeira
p 1
ut chao_madeira
p 1
ut chao_madeira
p 1
ut chao_madeira
p 1
ut chao_madeira
p 1
ut chao_madeira
p 1
ut chao_madeira
p 1
ut chao_madeira
p 1
ut chao_madeira
p 1
ut chao_madeira
p 0
ut chao_cimento
p 1 
ut chao_madeira
p 1
ut chao_madeira
p 1
ut chao_madeira
p 1
ut chao_madeira
p 1
ut chao_madeira
p 1
ut chao_madeira
p 1
ut chao_madeira
p 1
ut chao_madeira
p 1
ut chao_madeira
p 1
ut chao_madeira
p 1
ut chao_madeira
p 1
ut chao_madeira
p 1
ut chao_madeira
p 1
ut chao_madeira
p 0
ut chao_cimento
p 1
ut chao_madeira
p 1
ut chao_madeira
p 1
ut chao_madeira
p 1
ut chao_madeira
p 1
ut chao_madeira
p 1
ut chao_madeira
p 1
ut chao_madeira
p 1
ut chao_madeira
p 1
ut chao_madeira
p 1
ut chao_madeira
p 1
ut chao_madeira
p 1
ut chao_madeira
p 1
ut chao_cimento
p 1
ut chao_cimento
p 1
ut chao_cimento
p 1
ut chao_cimento
p 1
ut chao_cimento
p 1
ut chao_cimento
p 1
ut chao_cimento
p 1
ut chao_cimento
p 1
ut chao_cimento
p 1
ut chao_cimento
p 1
ut chao_cimento
p 1
ut chao_cimento
p 1
ut chao_cimento
p 1
ut chao_cimento
p 1
ut chao_cimento
p 1
ut chao_cimento
p 1
ut chao_cimento
p 1
ut chao_cimento
p 1
ut chao_cimento
p 0
ut chao_cimento
p 1
ut chao_madeira
p 1
ut chao_madeira
p 1
ut chao_madeira
p 1
ut chao_madeira
p 1
ut chao_madeira
p 1
ut chao_madeira
p 1
ut chao_madeira
p 1
ut chao_madeira
p 1
ut chao_madeira
p 1
ut chao_madeira
p 1
ut chao_madeira
p 1
ut chao_madeira
p 0
ut chao_cimento
#
#LINHA 10 DDDDDDDDDEEEEEEEEEZZZZZZZZZZZZZZZ
#
#
p 0
ut chao_cimento
p 1
ut chao_tapeteroxo
p 1
ut chao_tapeteroxo
p 1
ut chao_tapeteroxo
p 1
ut chao_tapeteroxo
p 1
ut chao_tapeteroxo
p 1
ut chao_tapetevermelho
p 1
ut chao_tapetevermelho
p 1
ut chao_tapetevermelho
p 1
ut chao_tapetevermelho
p 1
ut chao_tapetevermelho
p 1
ut chao_tapetevermelho
p 1
ut chao_tapeteroxo
p 1
ut chao_tapeteroxo
p 1
ut chao_tapeteroxo
p 1
ut chao_tapeteroxo
p 1
ut chao_tapeteroxo
p 0
ut chao_cimento
p 0
ut chao_cimento
p 1
ut chao_asfalto
p 1
ut chao_asfalto
p 1
ut chao_asfalto
uo mesa_braco 1:22,10
p 1
ut chao_asfalto
p 1
ut chao_asfalto
p 1
ut chao_asfalto
uo mesa_braco 1:25,10
p 1
ut chao_asfalto
p 1
ut chao_asfalto
p 1
ut chao_asfalto
uo mesa_braco 1:27,10
p 1
ut chao_asfalto
uo mesa_braco 1:28,10
p 1
ut chao_asfalto
p 1
ut chao_asfalto
p 0
ut chao_cimento
p 1
ut chao_cimento
p 1
ut chao_cimento
p 1
ut chao_cimento
p 1
ut chao_cimento
p 0
ut chao_cimento
p 1
ut chao_madeira
p 1
ut chao_madeira
p 1
ut chao_madeira
p 1
ut chao_madeira
p 1
ut chao_madeira
p 1
ut chao_madeira
p 1
ut chao_madeira
p 1
ut chao_madeira
p 1
ut chao_madeira
p 1
ut chao_madeira
p 1
ut chao_madeira
p 1
ut chao_madeira
p 1
ut chao_madeira
p 1
ut chao_madeira
p 0
ut chao_cimento
p 1 
ut chao_madeira
p 1
ut chao_madeira
p 1
ut chao_madeira
p 1
ut chao_madeira
p 1
ut chao_madeira
p 1
ut chao_madeira
p 1
ut chao_madeira
p 1
ut chao_madeira
p 1
ut chao_madeira
p 1
ut chao_madeira
p 1
ut chao_madeira
p 1
ut chao_madeira
p 1
ut chao_madeira
p 1
ut chao_madeira
p 0
ut chao_cimento
p 1
ut chao_madeira
p 1
ut chao_madeira
p 1
ut chao_madeira
p 1
ut chao_madeira
p 1
ut chao_madeira
p 1
ut chao_madeira
p 1
ut chao_madeira
p 1
ut chao_madeira
p 1
ut chao_madeira
p 1
ut chao_madeira
p 1
ut chao_madeira
p 0
ut chao_cimento
p 1
ut chao_cimento
p 1
ut chao_cimento
p 1
ut chao_cimento
p 1
ut chao_cimento
p 1
ut chao_cimento
p 1
ut chao_cimento
p 1
ut chao_cimento
p 1
ut chao_cimento
p 1
ut chao_cimento
p 1
ut chao_cimento
p 1
ut chao_cimento
p 1
ut chao_cimento
p 1
ut chao_cimento
p 1
ut chao_cimento
p 1
ut chao_cimento
p 1
ut chao_cimento
p 1
ut chao_cimento
p 1
ut chao_cimento
p 1
ut chao_cimento
p 0
ut chao_cimento
p 1
ut chao_madeira
p 1
ut chao_madeira
p 1
ut chao_madeira
p 1
ut chao_madeira
p 1
ut chao_madeira
p 1
ut chao_madeira
p 1
ut chao_madeira
p 1
ut chao_madeira
p 1
ut chao_madeira
p 1
ut chao_madeira
p 1
ut chao_madeira
p 1
ut chao_madeira
p 0
ut chao_cimento
#
# LINHA 11 OOOOOOOOOONNNNNNNNNNNNNNNZZZZZZZZZZZZZZZZEEEEEEEEEEEEEEE
#
p 0
ut chao_cimento
p 1
ut chao_tapeteroxo
p 1
ut chao_tapeteroxo
p 1
ut chao_tapeteroxo
p 1
ut chao_tapeteroxo
p 1
ut chao_tapeteroxo
p 1
ut chao_tapeteroxo
p 1
ut chao_tapeteroxo
p 1
ut chao_tapeteazul
p 1
ut chao_tapeteazul
p 1
ut chao_tapeteroxo
p 1
ut chao_tapeteroxo
p 1
ut chao_tapeteroxo
p 1
ut chao_tapeteroxo
p 1
ut chao_tapeteroxo
p 1
ut chao_tapeteroxo
p 1
ut chao_tapeteroxo
p 0
ut chao_cimento
p 0
ut chao_cimento
p 1
ut chao_asfalto
p 1
ut chao_asfalto
p 1
ut chao_asfalto
p 1
ut chao_asfalto
p 1
ut chao_asfalto
p 1
ut chao_asfalto
p 1
ut chao_asfalto
p 1
ut chao_asfalto
p 1
ut chao_asfalto
p 1
ut chao_asfalto
p 1
ut chao_asfalto
p 1
ut chao_asfalto
p 0
ut chao_cimento
p 1
ut chao_cimento
p 1
ut chao_cimento
p 1
ut chao_cimento
p 1
ut chao_cimento
p 0
ut chao_cimento
p 1
ut chao_madeira
p 1
ut chao_madeira
p 1
ut chao_madeira
p 1
ut chao_madeira
p 1
ut chao_madeira
p 1
ut chao_madeira
p 1
ut chao_madeira
p 1
ut chao_madeira
p 1
ut chao_madeira
p 1
ut chao_madeira
p 1
ut chao_madeira
p 1
ut chao_madeira
p 1
ut chao_madeira
p 1
ut chao_madeira
p 0
ut chao_cimento
p 1 
ut chao_madeira
p 1
ut chao_madeira
p 1
ut chao_madeira
p 1
ut chao_madeira
p 1
ut chao_madeira
p 1
ut chao_madeira
p 1
ut chao_madeira
p 1
ut chao_madeira
p 1
ut chao_madeira
p 1
ut chao_madeira
p 1
ut chao_madeira
p 1
ut chao_madeira
p 1
ut chao_madeira
p 1
ut chao_madeira
p 0
ut chao_cimento
p 1
ut chao_madeira
p 1
ut chao_madeira
p 1
ut chao_madeira
p 1
ut chao_madeira
p 1
ut chao_madeira
p 1
ut chao_madeira
p 1
ut chao_madeira
p 1
ut chao_madeira
p 1
ut chao_madeira
p 1
ut chao_madeira
p 1
ut chao_madeira
p 0
ut chao_cimento
p 1
ut chao_cimento
p 1
ut chao_cimento
p 1
ut chao_cimento
p 1
ut chao_cimento
p 1
ut chao_cimento
p 1
ut chao_cimento
p 1
ut chao_cimento
p 1
ut chao_cimento
p 1
ut chao_cimento
p 1
ut chao_cimento
p 1
ut chao_cimento
p 1
ut chao_cimento
p 1
ut chao_cimento
p 1
ut chao_cimento
p 1
ut chao_cimento
p 1
ut chao_cimento
p 1
ut chao_cimento
p 1
ut chao_cimento
p 1
ut chao_cimento
p 0
ut chao_cimento
p 1
ut chao_madeira
p 1
ut chao_madeira
p 1
ut chao_madeira
p 1
ut chao_madeira
p 1
ut chao_madeira
p 1
ut chao_madeira
p 1
ut chao_madeira
p 1
ut chao_madeira
p 1
ut chao_madeira
p 1
ut chao_madeira
p 1
ut chao_madeira
p 1
ut chao_madeira
p 0
ut chao_cimento
#
#LINHA 12          DDDDDDDDDDOOOOOOOOUUUUUUUUUUZZZZZZZZZZZZEEEEEEEEEEE
#
p 0
ut chao_cimento
p 1
ut chao_tapeteroxo
p 1
ut chao_tapeteroxo
p 1
ut chao_tapeteroxo
p 1
ut chao_tapeteroxo
p 1
ut chao_tapeteroxo
p 1
ut chao_tapeteroxo
p 1
ut chao_tapeteroxo
p 1
ut chao_tapeteazul
p 1
ut chao_tapeteazul
p 1
ut chao_tapeteroxo
p 1
ut chao_tapeteroxo
p 1
ut chao_tapeteroxo
p 1
ut chao_tapeteroxo
p 1
ut chao_tapeteroxo
p 1
ut chao_tapeteroxo
p 1
ut chao_tapeteroxo
p 0
ut chao_cimento
p 0
ut chao_cimento
p 1
ut chao_asfalto
p 1
ut chao_asfalto
p 1
ut chao_asfalto
p 1
ut chao_asfalto
p 1
ut chao_asfalto
p 1
ut chao_asfalto
p 1
ut chao_asfalto
p 1
ut chao_asfalto
p 1
ut chao_asfalto
p 1
ut chao_asfalto
p 1
ut chao_asfalto
p 1
ut chao_asfalto
p 0
ut chao_cimento
p 1
ut chao_cimento
p 1
ut chao_cimento
p 1
ut chao_cimento
p 1
ut chao_cimento
p 0
ut chao_cimento
p 1
ut chao_madeira
p 1
ut chao_madeira
p 1
ut chao_madeira
p 1
ut chao_madeira
p 1
ut chao_madeira
p 1
ut chao_madeira
p 1
ut chao_madeira
p 1
ut chao_madeira
p 1
ut chao_madeira
p 1
ut chao_madeira
p 1
ut chao_madeira
p 1
ut chao_madeira
p 1
ut chao_madeira
p 1
ut chao_madeira
p 0
ut chao_cimento
p 1 
ut chao_madeira
p 1
ut chao_madeira
p 1
ut chao_madeira
p 1
ut chao_madeira
p 1
ut chao_madeira
p 1
ut chao_madeira
p 1
ut chao_madeira
p 1
ut chao_madeira
p 1
ut chao_madeira
p 1
ut chao_madeira
p 1
ut chao_madeira
p 1
ut chao_madeira
p 1
ut chao_madeira
p 1
ut chao_madeira
p 0
ut chao_cimento
p 1
ut chao_madeira
p 1
ut chao_madeira
p 1
ut chao_madeira
p 1
ut chao_madeira
p 1
ut chao_madeira
p 1
ut chao_madeira
p 1
ut chao_madeira
p 1
ut chao_madeira
p 1
ut chao_madeira
p 1
ut chao_madeira
p 1
ut chao_madeira
p 0
ut chao_cimento
p 1
ut chao_cimento
p 1
ut chao_cimento
p 1
ut chao_cimento
p 1
ut chao_cimento
p 1
ut chao_cimento
p 1
ut chao_cimento
p 1
ut chao_cimento
p 1
ut chao_cimento
p 1
ut chao_cimento
p 1
ut chao_cimento
p 1
ut chao_cimento
p 1
ut chao_cimento
p 1
ut chao_cimento
p 1
ut chao_cimento
p 1
ut chao_cimento
p 1
ut chao_cimento
p 1
ut chao_cimento
p 1
ut chao_cimento
p 1
ut chao_cimento
p 0
ut chao_cimento
p 1
ut chao_madeira
p 1
ut chao_madeira
p 1
ut chao_madeira
p 1
ut chao_madeira
p 1
ut chao_madeira
p 1
ut chao_madeira
p 1
ut chao_madeira
p 1
ut chao_madeira
p 1
ut chao_madeira
p 1
ut chao_madeira
p 1
ut chao_madeira
p 1
ut chao_madeira
p 0
ut chao_cimento
#
#LINHA 13 TTTTTTTTTTTTRRRRRRRRRRRREEEEEEEEEEEEEZZZZZZZEEEEEEE
#
p 0
ut chao_cimento
p 1
ut chao_tapeteroxo
p 1
ut chao_tapeteroxo
p 1
ut chao_tapeteroxo
p 1
ut chao_tapeteroxo
p 1
ut chao_tapeteroxo
p 1
ut chao_tapeteroxo
p 1
ut chao_tapeteroxo
p 1
ut chao_tapeteazul
p 1
ut chao_tapeteazul
p 1
ut chao_tapeteroxo
p 1
ut chao_tapeteroxo
p 1
ut chao_tapeteroxo
p 1
ut chao_tapeteroxo
p 1
ut chao_tapeteroxo
p 1
ut chao_tapeteroxo
p 1
ut chao_tapeteroxo
p 0
ut chao_cimento
p 0
ut chao_cimento
p 1
ut chao_asfalto
p 1
ut chao_asfalto
p 1
ut chao_asfalto
p 1
ut chao_asfalto
p 1
ut chao_asfalto
p 1
ut chao_asfalto
p 1
ut chao_asfalto
p 1
ut chao_asfalto
p 1
ut chao_asfalto
p 1
ut chao_asfalto
p 1
ut chao_asfalto
p 1
ut chao_asfalto
p 0
ut chao_cimento
p 1
ut chao_cimento
p 1
ut chao_cimento
p 1
ut chao_cimento
p 1
ut chao_cimento
p 0
ut chao_cimento
p 1
ut chao_madeira
p 1
ut chao_madeira
p 1
ut chao_madeira
p 1
ut chao_madeira
p 1
ut chao_madeira
p 1
ut chao_madeira
p 1
ut chao_madeira
p 1
ut chao_madeira
p 1
ut chao_madeira
p 1
ut chao_madeira
p 1
ut chao_madeira
p 1
ut chao_madeira
p 1
ut chao_madeira
p 1
ut chao_madeira
p 0
ut chao_cimento
p 1 
ut chao_madeira
p 1
ut chao_madeira
p 1
ut chao_madeira
p 1
ut chao_madeira
p 1
ut chao_madeira
p 1
ut chao_madeira
p 1
ut chao_madeira
p 1
ut chao_madeira
p 1
ut chao_madeira
p 1
ut chao_madeira
p 1
ut chao_madeira
p 1
ut chao_madeira
p 1
ut chao_madeira
p 1
ut chao_madeira
p 0
ut chao_cimento
p 1
ut chao_madeira
p 1
ut chao_madeira
p 1
ut chao_madeira
p 1
ut chao_madeira
p 1
ut chao_madeira
p 1
ut chao_madeira
p 1
ut chao_madeira
p 1
ut chao_madeira
p 1
ut chao_madeira
p 1
ut chao_madeira
p 1
ut chao_madeira
p 0
ut chao_cimento
p 1
ut chao_cimento
p 1
ut chao_cimento
p 1
ut chao_cimento
p 1
ut chao_cimento
p 1
ut chao_cimento
p 1
ut chao_cimento
p 1
ut chao_cimento
p 1
ut chao_cimento
p 1
ut chao_cimento
p 1
ut chao_cimento
p 1
ut chao_cimento
p 1
ut chao_cimento
p 1
ut chao_cimento
p 1
ut chao_cimento
p 1
ut chao_cimento
p 1
ut chao_cimento
p 1
ut chao_cimento
p 1
ut chao_cimento
p 1
ut chao_cimento
p 0
ut chao_cimento
p 1
ut chao_madeira
p 1
ut chao_madeira
p 1
ut chao_madeira
p 1
ut chao_madeira
p 1
ut chao_madeira
p 1
ut chao_madeira
p 1
ut chao_madeira
p 1
ut chao_madeira
p 1
ut chao_madeira
p 1
ut chao_madeira
p 1
ut chao_madeira
p 1
ut chao_madeira
p 0
ut chao_cimento
#
#LINHA 14 CATORZZZZZZZZZZZZZZZZZZZZZZZZZEEEEEEEEEEEEEE!!!
#
p 0
ut chao_cimento
p 0
ut chao_cimento
p 0
ut chao_cimento
p 0
ut chao_cimento
p 0
ut chao_cimento
p 0
ut chao_cimento
p 0
ut chao_cimento
p 0
ut chao_cimento
p 1
ut chao_tapeteazul
p 1
ut chao_tapeteazul
p 0
ut chao_cimento
p 0
ut chao_cimento
p 0
ut chao_cimento
p 0
ut chao_cimento
p 0
ut chao_cimento
p 0
ut chao_cimento
p 0
ut chao_cimento
p 0
ut chao_cimento
p 0
ut chao_cimento
p 0
ut chao_cimento
p 0
ut chao_cimento
p 0
ut chao_cimento
p 0
ut chao_cimento
p 0
ut chao_cimento
p 1
ut chao_asfalto
p 1
ut chao_asfalto
p 0
ut chao_cimento
p 0
ut chao_cimento
p 0
ut chao_cimento
p 0
ut chao_cimento
p 0
ut chao_cimento
p 0
ut chao_cimento
p 1
ut chao_cimento
p 1
ut chao_cimento
p 1
ut chao_cimento
p 1
ut chao_cimento
p 0
ut chao_cimento
p 0
ut chao_cimento
p 0
ut chao_cimento
p 0
ut chao_cimento
p 0
ut chao_cimento
p 0
ut chao_cimento
p 0
ut chao_cimento
p 1
ut chao_madeira
p 1
ut chao_madeira
p 0
ut chao_cimento
p 0
ut chao_cimento
p 0
ut chao_cimento
p 0
ut chao_cimento
p 0
ut chao_cimento
p 0
ut chao_cimento
p 0
ut chao_cimento
p 0
ut chao_cimento
p 0
ut chao_cimento
p 0
ut chao_cimento
p 0
ut chao_cimento
p 0
ut chao_cimento
p 0
ut chao_cimento
p 1
ut chao_madeira
p 1
ut chao_madeira
p 0
ut chao_cimento
p 0
ut chao_cimento
p 0
ut chao_cimento
p 0
ut chao_cimento
p 0
ut chao_cimento
p 0
ut chao_cimento
p 0
ut chao_cimento
p 0
ut chao_cimento
p 0
ut chao_cimento
p 0
ut chao_cimento
p 0
ut chao_cimento
p 0
ut chao_cimento
p 0
ut chao_cimento
p 0
ut chao_cimento
p 0
ut chao_cimento
p 0
ut chao_cimento
p 0
ut chao_cimento
p 0
ut chao_cimento
p 0
ut chao_cimento
p 1
ut chao_cimento
uo poste 1:80,14
p 1
ut chao_cimento
p 1
ut chao_cimento
p 1
ut chao_cimento
p 1
ut chao_cimento
p 1
ut chao_cimento
p 1
ut chao_cimento
p 1
ut chao_cimento
p 1
ut chao_cimento
p 1
ut chao_cimento
p 1
ut chao_cimento
p 1
ut chao_cimento
p 1
ut chao_cimento
p 1
ut chao_cimento
p 1
ut chao_cimento
p 1
ut chao_cimento
p 1
ut chao_cimento
p 1
ut chao_cimento
p 1
ut chao_cimento
uo poste 1:98,14
p 0
ut chao_cimento
p 0
ut chao_cimento
p 0
ut chao_cimento
p 0
ut chao_cimento
p 0
ut chao_cimento
p 1
ut chao_madeira
p 1
ut chao_madeira
p 0
ut chao_cimento
p 0
ut chao_cimento
p 0
ut chao_cimento
p 0
ut chao_cimento
p 0
ut chao_cimento
p 0
ut chao_cimento
p 0
ut chao_cimento
#
#LINHA 15 QQQQQQQQQQUUUUUUIIIIINNNZZZZZZZZZZEEEEE
#
p 1
ut chao_cimento
p 1
ut chao_cimento
p 1
ut chao_cimento
p 1
ut chao_cimento
p 1
ut chao_cimento
p 1
ut chao_cimento
p 1
ut chao_cimento
p 1
ut chao_cimento
p 1
ut chao_cimento
p 1
ut chao_cimento
p 1
ut chao_cimento
p 1
ut chao_cimento
p 1
ut chao_cimento
p 1
ut chao_cimento
p 1
ut chao_cimento
p 1
ut chao_cimento
p 1
ut chao_cimento
p 1
ut chao_cimento
p 1
ut chao_cimento
p 1
ut chao_cimento
p 1
ut chao_cimento
p 1
ut chao_cimento
p 1
ut chao_cimento
p 1
ut chao_cimento
p 1
ut chao_cimento
p 1
ut chao_cimento
p 1
ut chao_cimento
p 1
ut chao_cimento
p 1
ut chao_cimento
p 1
ut chao_cimento
p 1
ut chao_cimento
p 1
ut chao_cimento
p 1
ut chao_cimento
p 1
ut chao_cimento
p 1
ut chao_cimento
p 1
ut chao_cimento
p 1
ut chao_cimento
p 1
ut chao_cimento
p 1
ut chao_cimento
p 1
ut chao_cimento
p 1
ut chao_cimento
p 1
ut chao_cimento
p 1
ut chao_cimento
p 1
ut chao_cimento
p 1
ut chao_cimento
p 1
ut chao_cimento
p 1
ut chao_cimento
p 1
ut chao_cimento
p 1
ut chao_cimento
p 1
ut chao_cimento
p 1
ut chao_cimento
p 1
ut chao_cimento
p 1
ut chao_cimento
p 1
ut chao_cimento
p 1
ut chao_cimento
p 1
ut chao_cimento
p 1
ut chao_cimento
p 1
ut chao_cimento
p 1
ut chao_cimento
p 1
ut chao_cimento
p 1
ut chao_cimento
p 1
ut chao_cimento
p 1
ut chao_cimento
p 1
ut chao_cimento
p 1
ut chao_cimento
p 1
ut chao_cimento
p 1
ut chao_cimento
p 1
ut chao_cimento
p 1
ut chao_cimento
p 1
ut chao_cimento
p 1
ut chao_cimento
p 1
ut chao_cimento
p 1
ut chao_cimento
p 1
ut chao_cimento
p 1
ut chao_cimento
p 1
ut chao_cimento
p 1
ut chao_cimento
p 1
ut chao_cimento
p 1
ut chao_cimento
p 1
ut chao_cimento
p 1
ut chao_cimento
p 1
ut chao_cimento
p 1
ut chao_cimento
p 1
ut chao_cimento
p 1
ut chao_cimento
p 1
ut chao_cimento
p 1
ut chao_cimento
p 1
ut chao_cimento
p 1
ut chao_cimento
p 1
ut chao_cimento
p 1
ut chao_cimento
p 1
ut chao_cimento
p 1
ut chao_cimento
p 1
ut chao_cimento
p 1
ut chao_cimento
p 1
ut chao_cimento
p 1
ut chao_cimento
p 1
ut chao_cimento
p 1
ut chao_cimento
p 1
ut chao_cimento
p 1
ut chao_cimento
p 1
ut chao_cimento
p 1
ut chao_cimento
p 1
ut chao_cimento
p 1
ut chao_cimento
p 1
ut chao_cimento
p 1
ut chao_cimento
p 1
ut chao_cimento
p 1
ut chao_cimento
p 1
ut chao_cimento
p 1
ut chao_cimento
p 1
ut chao_cimento
#
#LINHA 16   DEZESSSSSSSSSSEEEIIISSS!!!!
#
p 1
ut chao_cimento
p 1
ut chao_cimento
p 1
ut chao_cimento
p 1
ut chao_cimento
p 1
ut chao_cimento
p 1
ut chao_cimento
p 1
ut chao_cimento
p 1
ut chao_cimento
p 1
ut chao_cimento
p 1
ut chao_cimento
p 1
ut chao_cimento
p 1
ut chao_cimento
p 1
ut chao_cimento
p 1
ut chao_cimento
p 1
ut chao_cimento
p 1
ut chao_cimento
p 1
ut chao_cimento
p 1
ut chao_cimento
p 1
ut chao_cimento
p 1
ut chao_cimento
p 1
ut chao_cimento
p 1
ut chao_cimento
p 1
ut chao_cimento
p 1
ut chao_cimento
p 1
ut chao_cimento
p 1
ut chao_cimento
p 1
ut chao_cimento
p 1
ut chao_cimento
p 1
ut chao_cimento
p 1
ut chao_cimento
p 1
ut chao_cimento
p 1
ut chao_cimento
p 1
ut chao_cimento
p 1
ut chao_cimento
p 1
ut chao_cimento
p 1
ut chao_cimento
p 1
ut chao_cimento
p 1
ut chao_cimento
p 1
ut chao_cimento
p 1
ut chao_cimento
p 1
ut chao_cimento
p 1
ut chao_cimento
p 1
ut chao_cimento
p 1
ut chao_cimento
p 1
ut chao_cimento
p 1
ut chao_cimento
p 1
ut chao_cimento
p 1
ut chao_cimento
p 1
ut chao_cimento
p 1
ut chao_cimento
p 1
ut chao_cimento
p 1
ut chao_cimento
p 1
ut chao_cimento
p 1
ut chao_cimento
p 1
ut chao_cimento
p 1
ut chao_cimento
p 1
ut chao_cimento
p 1
ut chao_cimento
p 1
ut chao_cimento
p 1
ut chao_cimento
p 1
ut chao_cimento
p 1
ut chao_cimento
p 1
ut chao_cimento
p 1
ut chao_cimento
p 1
ut chao_cimento
p 1
ut chao_cimento
p 1
ut chao_cimento
p 1
ut chao_cimento
p 1
ut chao_cimento
p 1
ut chao_cimento
p 1
ut chao_cimento
p 1
ut chao_cimento
p 1
ut chao_cimento
p 1
ut chao_cimento
p 1
ut chao_cimento
p 1
ut chao_cimento
p 1
ut chao_cimento
p 1
ut chao_cimento
p 1
ut chao_cimento
p 1
ut chao_cimento
p 1
ut chao_cimento
p 1
ut chao_cimento
p 1
ut chao_cimento
p 1
ut chao_cimento
p 1
ut chao_cimento
p 1
ut chao_cimento
p 1
ut chao_cimento
p 1
ut chao_cimento
p 1
ut chao_cimento
p 1
ut chao_cimento
p 1
ut chao_cimento
p 1
ut chao_cimento
p 1
ut chao_cimento
p 1
ut chao_cimento
p 1
ut chao_cimento
p 1
ut chao_cimento
p 1
ut chao_cimento
p 1
ut chao_cimento
p 1
ut chao_cimento
p 1
ut chao_cimento
p 1
ut chao_cimento
p 1
ut chao_cimento
p 1
ut chao_cimento
p 1
ut chao_cimento
p 1
ut chao_cimento
p 1
ut chao_cimento
p 1
ut chao_cimento
p 1
ut chao_cimento
p 1
ut chao_cimento
p 1
ut chao_cimento
p 1
ut chao_cimento
p 1
ut chao_cimento
#
#LINHA 17 DESESSSSSEEEETTTTTEEEEEEE!!!
p 1
ut chao_cimento
p 1
ut chao_cimento
p 1
ut chao_cimento
p 1
ut chao_cimento
p 1
ut chao_cimento
p 1
ut chao_cimento
p 1
ut chao_cimento
p 1
ut chao_cimento
p 1
ut chao_cimento
p 1
ut chao_cimento
p 1
ut chao_cimento
p 1
ut chao_cimento
p 1
ut chao_cimento
p 1
ut chao_cimento
p 1
ut chao_cimento
p 1
ut chao_cimento
p 1
ut chao_cimento
p 1
ut chao_cimento
p 1
ut chao_cimento
p 1
ut chao_cimento
p 1
ut chao_cimento
p 1
ut chao_cimento
p 1
ut chao_cimento
p 1
ut chao_cimento
p 1
ut chao_cimento
p 1
ut chao_cimento
p 1
ut chao_cimento
p 1
ut chao_cimento
p 1
ut chao_cimento
p 1
ut chao_cimento
p 1
ut chao_cimento
p 1
ut chao_cimento
p 1
ut chao_cimento
p 1
ut chao_cimento
p 1
ut chao_cimento
p 1
ut chao_cimento
p 1
ut chao_cimento
p 1
ut chao_cimento
p 1
ut chao_cimento
p 1
ut chao_cimento
p 1
ut chao_cimento
p 1
ut chao_cimento
p 1
ut chao_cimento
p 1
ut chao_cimento
p 1
ut chao_cimento
p 1
ut chao_cimento
p 1
ut chao_cimento
p 1
ut chao_cimento
p 1
ut chao_cimento
p 1
ut chao_cimento
p 1
ut chao_cimento
p 1
ut chao_cimento
p 1
ut chao_cimento
p 1
ut chao_cimento
p 1
ut chao_cimento
p 1
ut chao_cimento
p 1
ut chao_cimento
p 1
ut chao_cimento
p 1
ut chao_cimento
p 1
ut chao_cimento
p 1
ut chao_cimento
p 1
ut chao_cimento
p 1
ut chao_cimento
p 1
ut chao_cimento
p 1
ut chao_cimento
p 1
ut chao_cimento
p 1
ut chao_cimento
p 1
ut chao_cimento
p 1
ut chao_cimento
p 1
ut chao_cimento
p 1
ut chao_cimento
p 1
ut chao_cimento
p 1
ut chao_cimento
p 1
ut chao_cimento
p 1
ut chao_cimento
p 1
ut chao_cimento
p 1
ut chao_cimento
p 1
ut chao_cimento
p 1
ut chao_cimento
p 1
ut chao_cimento
p 1
ut chao_cimento
p 1
ut chao_cimento
p 1
ut chao_cimento
p 1
ut chao_cimento
p 1
ut chao_cimento
p 1
ut chao_cimento
p 1
ut chao_cimento
p 1
ut chao_cimento
p 1
ut chao_cimento
p 1
ut chao_cimento
p 1
ut chao_cimento
p 1
ut chao_cimento
p 1
ut chao_cimento
p 1
ut chao_cimento
p 1
ut chao_cimento
p 1
ut chao_cimento
p 1
ut chao_cimento
p 1
ut chao_cimento
p 1
ut chao_cimento
p 1
ut chao_cimento
p 1
ut chao_cimento
p 1
ut chao_cimento
p 1
ut chao_cimento
p 1
ut chao_cimento
p 1
ut chao_cimento
p 1
ut chao_cimento
p 1
ut chao_cimento
p 1
ut chao_cimento
p 1
ut chao_cimento
p 1
ut chao_cimento
p 1
ut chao_cimento
p 1
ut chao_cimento
#
#LINHA 18   DEZOITTTTTTTTTTTTTTTTOOOOOOOOOOOO!!!!!
#
p 1
ut chao_cimento
p 1
ut chao_cimento
p 1
ut chao_cimento
p 1
ut chao_cimento
p 1
ut chao_cimento
p 1
ut chao_cimento
p 1
ut chao_cimento
p 1
ut chao_cimento
p 1
ut chao_cimento
p 1
ut chao_cimento
p 1
ut chao_cimento
p 1
ut chao_cimento
p 1
ut chao_cimento
p 1
ut chao_cimento
p 1
ut chao_cimento
p 1
ut chao_cimento
p 1
ut chao_cimento
p 1
ut chao_cimento
p 1
ut chao_cimento
p 1
ut chao_cimento
p 1
ut chao_cimento
p 1
ut chao_cimento
p 1
ut chao_cimento
p 1
ut chao_cimento
p 1
ut chao_cimento
p 1
ut chao_cimento
p 1
ut chao_cimento
p 1
ut chao_cimento
p 1
ut chao_cimento
p 1
ut chao_cimento
p 1
ut chao_cimento
p 1
ut chao_cimento
p 1
ut chao_cimento
p 1
ut chao_cimento
p 1
ut chao_cimento
p 1
ut chao_cimento
p 1
ut chao_cimento
p 1
ut chao_cimento
p 1
ut chao_cimento
p 1
ut chao_cimento
p 1
ut chao_cimento
p 1
ut chao_cimento
p 1
ut chao_cimento
p 1
ut chao_cimento
p 1
ut chao_cimento
p 1
ut chao_cimento
p 1
ut chao_cimento
p 1
ut chao_cimento
p 1
ut chao_cimento
p 1
ut chao_cimento
p 1
ut chao_cimento
p 1
ut chao_cimento
p 1
ut chao_cimento
p 1
ut chao_cimento
p 1
ut chao_cimento
p 1
ut chao_cimento
p 1
ut chao_cimento
p 1
ut chao_cimento
p 1
ut chao_cimento
p 1
ut chao_cimento
p 1
ut chao_cimento
p 1
ut chao_cimento
p 1
ut chao_cimento
p 1
ut chao_cimento
p 1
ut chao_cimento
p 1
ut chao_cimento
p 1
ut chao_cimento
p 1
ut chao_cimento
p 1
ut chao_cimento
p 1
ut chao_cimento
p 1
ut chao_cimento
p 1
ut chao_cimento
p 1
ut chao_cimento
p 1
ut chao_cimento
p 1
ut chao_cimento
p 1
ut chao_cimento
p 1
ut chao_cimento
p 1
ut chao_cimento
p 1
ut chao_cimento
p 1
ut chao_cimento
p 1
ut chao_cimento
p 1
ut chao_cimento
p 1
ut chao_cimento
p 1
ut chao_cimento
p 1
ut chao_cimento
p 1
ut chao_cimento
p 1
ut chao_cimento
p 1
ut chao_cimento
p 1
ut chao_cimento
p 1
ut chao_cimento
p 1
ut chao_cimento
p 1
ut chao_cimento
p 1
ut chao_cimento
p 1
ut chao_cimento
p 1
ut chao_cimento
p 1
ut chao_cimento
p 1
ut chao_cimento
p 1
ut chao_cimento
p 1
ut chao_cimento
p 1
ut chao_cimento
p 1
ut chao_cimento
p 1
ut chao_cimento
p 1
ut chao_cimento
p 1
ut chao_cimento
p 1
ut chao_cimento
p 1
ut chao_cimento
p 1
ut chao_cimento
p 1
ut chao_cimento
p 1
ut chao_cimento
p 1
ut chao_cimento
p 1
ut chao_cimento
p 1
ut chao_cimento
#
#LINHA 19 DEZENOVE!!!!!!!!!!!!!!!!!
#
p 1
ut chao_cimento
p 1
ut chao_cimento
p 1
ut chao_cimento
p 1
ut chao_cimento
p 1
ut chao_cimento
p 1
ut chao_cimento
p 1
ut chao_cimento
p 1
ut chao_cimento
p 1
ut chao_cimento
p 1
ut chao_cimento
p 1
ut chao_cimento
p 1
ut chao_cimento
p 1
ut chao_cimento
p 1
ut chao_cimento
p 1
ut chao_cimento
p 1
ut chao_cimento
p 1
ut chao_cimento
p 1
ut chao_cimento
p 1
ut chao_cimento
p 1
ut chao_cimento
p 1
ut chao_cimento
p 1
ut chao_cimento
p 1
ut chao_cimento
p 1
ut chao_cimento
p 1
ut chao_cimento
p 1
ut chao_cimento
p 1
ut chao_cimento
p 1
ut chao_cimento
p 1
ut chao_cimento
p 1
ut chao_cimento
p 1
ut chao_cimento
p 1
ut chao_cimento
p 1
ut chao_cimento
p 1
ut chao_cimento
p 1
ut chao_cimento
p 1
ut chao_cimento
p 1
ut chao_cimento
p 1
ut chao_cimento
p 1
ut chao_cimento
p 1
ut chao_cimento
p 1
ut chao_cimento
p 1
ut chao_cimento
p 1
ut chao_cimento
p 1
ut chao_cimento
p 1
ut chao_cimento
p 1
ut chao_cimento
p 1
ut chao_cimento
p 1
ut chao_cimento
p 1
ut chao_cimento
p 1
ut chao_cimento
p 1
ut chao_cimento
p 1
ut chao_cimento
p 1
ut chao_cimento
p 1
ut chao_cimento
p 1
ut chao_cimento
p 1
ut chao_cimento
p 1
ut chao_cimento
p 1
ut chao_cimento
p 1
ut chao_cimento
p 1
ut chao_cimento
p 1
ut chao_cimento
p 1
ut chao_cimento
p 1
ut chao_cimento
p 1
ut chao_cimento
p 1
ut chao_cimento
p 1
ut chao_cimento
p 1
ut chao_cimento
p 1
ut chao_cimento
p 1
ut chao_cimento
p 1
ut chao_cimento
p 1
ut chao_cimento
p 1
ut chao_cimento
p 1
ut chao_cimento
p 1
ut chao_cimento
p 1
ut chao_cimento
p 1
ut chao_cimento
p 1
ut chao_cimento
p 1
ut chao_cimento
p 1
ut chao_cimento
p 1
ut chao_cimento
p 1
ut chao_cimento
p 1
ut chao_cimento
p 1
ut chao_cimento
p 1
ut chao_cimento
p 1
ut chao_cimento
p 1
ut chao_cimento
p 1
ut chao_cimento
p 1
ut chao_cimento
p 1
ut chao_cimento
p 1
ut chao_cimento
p 1
ut chao_cimento
p 1
ut chao_cimento
p 1
ut chao_cimento
p 1
ut chao_cimento
p 1
ut chao_cimento
p 1
ut chao_cimento
p 1
ut chao_cimento
p 1
ut chao_cimento
p 1
ut chao_cimento
p 1
ut chao_cimento
p 1
ut chao_cimento
p 1
ut chao_cimento
p 1
ut chao_cimento
p 1
ut chao_cimento
p 1
ut chao_cimento
p 1
ut chao_cimento
p 1
ut chao_cimento
p 1
ut chao_cimento
p 1
ut chao_cimento
p 1
ut chao_cimento
p 1
ut chao_cimento
p 1
ut chao_cimento
#
#LINHA 20        VVVVVVVVVIIIIINNNTEEEE!
#
p 1
ut chao_cimento
p 1
ut chao_cimento
p 1
ut chao_cimento
p 1
ut chao_cimento
p 1
ut chao_cimento
p 1
ut chao_cimento
p 1
ut chao_cimento
p 1
ut chao_cimento
p 1
ut chao_cimento
p 1
ut chao_cimento
p 1
ut chao_cimento
p 1
ut chao_cimento
p 1
ut chao_cimento
p 1
ut chao_cimento
p 1
ut chao_cimento
p 1
ut chao_cimento
p 1
ut chao_cimento
p 1
ut chao_cimento
p 1
ut chao_cimento
p 1
ut chao_cimento
p 1
ut chao_cimento
p 1
ut chao_cimento
p 1
ut chao_cimento
p 1
ut chao_cimento
p 1
ut chao_cimento
p 1
ut chao_cimento
p 1
ut chao_cimento
p 1
ut chao_cimento
p 1
ut chao_cimento
p 1
ut chao_cimento
p 1
ut chao_cimento
p 1
ut chao_cimento
p 1
ut chao_cimento
p 1
ut chao_cimento
p 1
ut chao_cimento
p 1
ut chao_cimento
p 1
ut chao_cimento
p 1
ut chao_cimento
p 1
ut chao_cimento
p 1
ut chao_cimento
p 1
ut chao_cimento
p 1
ut chao_cimento
p 1
ut chao_cimento
p 1
ut chao_cimento
p 1
ut chao_cimento
p 1
ut chao_cimento
p 1
ut chao_cimento
p 1
ut chao_cimento
p 1
ut chao_cimento
p 1
ut chao_cimento
p 1
ut chao_cimento
p 1
ut chao_cimento
p 1
ut chao_cimento
p 1
ut chao_cimento
p 1
ut chao_cimento
p 1
ut chao_cimento
p 1
ut chao_cimento
p 1
ut chao_cimento
p 1
ut chao_cimento
p 1
ut chao_cimento
p 1
ut chao_cimento
p 1
ut chao_cimento
p 1
ut chao_cimento
p 1
ut chao_cimento
p 1
ut chao_cimento
p 1
ut chao_cimento
p 1
ut chao_cimento
p 1
ut chao_cimento
p 1
ut chao_cimento
p 1
ut chao_cimento
p 1
ut chao_cimento
p 1
ut chao_cimento
p 1
ut chao_cimento
p 1
ut chao_cimento
p 1
ut chao_cimento
p 1
ut chao_cimento
p 1
ut chao_cimento
p 1
ut chao_cimento
p 1
ut chao_cimento
p 1
ut chao_cimento
p 1
ut chao_cimento
p 1
ut chao_cimento
p 1
ut chao_cimento
p 1
ut chao_cimento
p 1
ut chao_cimento
p 1
ut chao_cimento
p 1
ut chao_cimento
p 1
ut chao_cimento
p 1
ut chao_cimento
p 1
ut chao_cimento
p 1
ut chao_cimento
p 1
ut chao_cimento
p 1
ut chao_cimento
p 1
ut chao_cimento
p 1
ut chao_cimento
p 1
ut chao_cimento
p 1
ut chao_cimento
p 1
ut chao_cimento
p 1
ut chao_cimento
p 1
ut chao_grama
p 1
ut chao_grama
p 1
ut chao_grama
p 1
ut chao_grama
p 1
ut chao_grama
p 1
ut chao_grama
p 1
ut chao_grama
p 1
ut chao_grama
p 1
ut chao_grama
p 1
ut chao_grama
p 1
ut chao_grama
p 1
ut chao_grama
p 1
ut chao_grama
#
#LINHA 21 VVVIIINNNTETEEE E UMMMMMMMM!!!!
#
p 1
ut chao_cimento
p 1
ut chao_cimento
p 1
ut chao_cimento
p 1
ut chao_cimento
p 1
ut chao_cimento
p 1
ut chao_cimento
p 1
ut chao_cimento
p 1
ut chao_cimento
p 1
ut chao_cimento
p 1
ut chao_cimento
p 1
ut chao_cimento
p 1
ut chao_cimento
p 1
ut chao_cimento
p 1
ut chao_cimento
p 1
ut chao_cimento
p 1
ut chao_cimento
p 1
ut chao_cimento
p 1
ut chao_cimento
p 1
ut chao_cimento
p 1
ut chao_cimento
p 1
ut chao_cimento
p 1
ut chao_cimento
p 1
ut chao_cimento
p 1
ut chao_cimento
p 1
ut chao_cimento
p 1
ut chao_cimento
p 1
ut chao_cimento
p 1
ut chao_cimento
p 1
ut chao_cimento
p 1
ut chao_cimento
p 1
ut chao_cimento
p 1
ut chao_cimento
p 1
ut chao_cimento
p 1
ut chao_cimento
p 1
ut chao_cimento
p 1
ut chao_cimento
p 1
ut chao_cimento
p 1
ut chao_cimento
p 1
ut chao_cimento
p 1
ut chao_cimento
p 1
ut chao_cimento
p 1
ut chao_cimento
p 1
ut chao_cimento
p 1
ut chao_cimento
p 1
ut chao_cimento
p 1
ut chao_cimento
p 1
ut chao_cimento
p 1
ut chao_cimento
p 1
ut chao_cimento
p 1
ut chao_cimento
p 1
ut chao_cimento
p 1
ut chao_cimento
p 1
ut chao_cimento
p 1
ut chao_cimento
p 1
ut chao_cimento
p 1
ut chao_cimento
p 1
ut chao_cimento
p 1
ut chao_cimento
p 1
ut chao_cimento
p 1
ut chao_cimento
p 1
ut chao_cimento
p 1
ut chao_cimento
p 1
ut chao_cimento
p 1
ut chao_cimento
p 1
ut chao_cimento
p 1
ut chao_cimento
p 1
ut chao_cimento
p 1
ut chao_cimento
p 1
ut chao_cimento
p 1
ut chao_cimento
p 1
ut chao_cimento
p 1
ut chao_cimento
p 1
ut chao_cimento
p 1
ut chao_cimento
p 1
ut chao_cimento
p 1
ut chao_cimento
p 1
ut chao_cimento
p 1
ut chao_cimento
p 1
ut chao_cimento
p 1
ut chao_cimento
p 1
ut chao_cimento
p 1
ut chao_cimento
p 1
ut chao_cimento
p 1
ut chao_cimento
p 1
ut chao_cimento
p 1
ut chao_cimento
p 1
ut chao_cimento
p 1
ut chao_cimento
p 1
ut chao_cimento
p 1
ut chao_cimento
p 1
ut chao_cimento
p 1
ut chao_cimento
p 1
ut chao_cimento
p 1
ut chao_cimento
p 1
ut chao_grama
p 1
ut chao_grama
p 1
ut chao_grama
p 1
ut chao_grama
p 1
ut chao_grama
p 1
ut chao_grama
p 1
ut chao_grama
p 1
ut chao_grama
p 1
ut chao_grama
p 1
ut chao_grama
p 1
ut chao_grama
p 1
ut chao_grama
p 1
ut chao_grama
p 1
ut chao_grama
p 1
ut chao_grama
p 1
ut chao_grama
p 1
ut chao_grama
p 1
ut chao_grama
#
#LINHA 22 VINTEEEEEEEE  EEE DDDOOIIIISSS!
#
p 1
ut chao_cimento
p 1
ut chao_cimento
p 1
ut chao_cimento
p 1
ut chao_cimento
p 1
ut chao_cimento
p 1
ut chao_cimento
p 1
ut chao_cimento
p 1
ut chao_cimento
p 1
ut chao_cimento
p 1
ut chao_cimento
p 1
ut chao_cimento
p 1
ut chao_cimento
p 1
ut chao_cimento
p 1
ut chao_cimento
p 1
ut chao_cimento
p 1
ut chao_cimento
p 1
ut chao_cimento
p 1
ut chao_cimento
p 1
ut chao_cimento
p 1
ut chao_cimento
p 1
ut chao_cimento
p 1
ut chao_cimento
p 1
ut chao_cimento
p 1
ut chao_cimento
p 1
ut chao_cimento
p 1
ut chao_cimento
p 1
ut chao_cimento
p 1
ut chao_cimento
p 1
ut chao_cimento
p 1
ut chao_cimento
p 1
ut chao_cimento
p 1
ut chao_cimento
p 1
ut chao_cimento
p 1
ut chao_cimento
p 1
ut chao_cimento
p 1
ut chao_cimento
p 1
ut chao_cimento
p 1
ut chao_cimento
p 1
ut chao_cimento
p 1
ut chao_cimento
p 1
ut chao_cimento
p 1
ut chao_cimento
p 1
ut chao_cimento
p 1
ut chao_cimento
p 1
ut chao_cimento
p 1
ut chao_cimento
p 1
ut chao_cimento
p 1
ut chao_cimento
p 1
ut chao_cimento
p 1
ut chao_cimento
p 1
ut chao_cimento
p 1
ut chao_cimento
p 1
ut chao_cimento
p 1
ut chao_cimento
p 1
ut chao_cimento
p 1
ut chao_cimento
p 1
ut chao_cimento
p 1
ut chao_cimento
p 1
ut chao_cimento
p 1
ut chao_cimento
p 1
ut chao_cimento
p 1
ut chao_cimento
p 1
ut chao_cimento
p 1
ut chao_cimento
p 1
ut chao_cimento
p 1
ut chao_cimento
p 1
ut chao_cimento
p 1
ut chao_cimento
p 1
ut chao_cimento
p 1
ut chao_cimento
p 1
ut chao_cimento
p 1
ut chao_cimento
p 1
ut chao_cimento
p 1
ut chao_cimento
p 1
ut chao_cimento
p 1
ut chao_cimento
p 1
ut chao_cimento
p 1
ut chao_cimento
p 1
ut chao_cimento
p 1
ut chao_cimento
p 1
ut chao_cimento
p 1
ut chao_cimento
p 1
ut chao_cimento
p 1
ut chao_cimento
p 1
ut chao_cimento
p 1
ut chao_cimento
p 1
ut chao_cimento
p 1
ut chao_cimento
p 1
ut chao_cimento
p 1
ut chao_cimento
p 1
ut chao_cimento
p 1
ut chao_grama
p 1
ut chao_grama
p 1
ut chao_grama
p 1
ut chao_grama
p 1
ut chao_grama
p 1
ut chao_grama
p 1
ut chao_grama
p 1
ut chao_grama
p 1
ut chao_grama
p 1
ut chao_grama
p 1
ut chao_grama
p 1
ut chao_grama
p 1
ut chao_grama
p 1
ut chao_grama
p 1
ut chao_grama
p 1
ut chao_grama
p 1
ut chao_grama
p 1
ut chao_grama
p 1
ut chao_grama
p 1
ut chao_grama
p 1
ut chao_grama
#
#LINHA 23 VINTE E TTTTTTRRREEESSSSS!!!!
#
#
p 1
ut chao_cimento
p 1
ut chao_cimento
p 1
ut chao_cimento
p 1
ut chao_cimento
p 1
ut chao_cimento
p 1
ut chao_cimento
uo poste 1:6,23
p 1
ut chao_grama
p 1
ut chao_grama
p 1
ut chao_grama
p 1
ut chao_grama
p 1
ut chao_cimento
p 1
ut chao_cimento
p 1
ut chao_cimento
p 1
ut chao_grama
p 1
ut chao_grama
p 1
ut chao_grama
p 1
ut chao_grama
p 1
ut chao_grama
p 1
ut chao_grama
p 1
ut chao_grama
p 1
ut chao_grama
p 1
ut chao_grama
p 1
ut chao_grama
p 1
ut chao_grama
p 1
ut chao_grama
p 1
ut chao_grama
p 1
ut chao_grama
p 1
ut chao_grama
p 1
ut chao_grama
p 1
ut chao_grama
p 1
ut chao_cimento
uo poste 1:31,23
p 1
ut chao_cimento
p 1
ut chao_cimento
p 1
ut chao_grama
p 1
ut chao_grama
p 1
ut chao_grama
p 1
ut chao_grama
p 1
ut chao_grama
p 1
ut chao_grama
p 1
ut chao_grama
p 1
ut chao_grama
p 1
ut chao_grama
p 1
ut chao_grama
p 1
ut chao_grama
p 1
ut chao_grama
p 1
ut chao_cimento
p 1
ut chao_cimento
p 1
ut chao_cimento
p 1
ut chao_cimento
p 1
ut chao_cimento
p 1
ut chao_cimento
uo poste 1:51,23
p 0
ut chao_cimento
p 0
ut chao_cimento
p 0
ut chao_cimento
p 0
ut chao_cimento
p 0
ut chao_cimento
p 0
ut chao_cimento
p 0
ut chao_cimento
p 0
ut chao_cimento
p 0
ut chao_cimento
p 0
ut chao_cimento
p 0
ut chao_cimento
p 0
ut chao_cimento
p 0
ut chao_cimento
p 0
ut chao_cimento
p 0
ut chao_cimento
p 0
ut chao_cimento
p 0
ut chao_cimento
p 0
ut chao_cimento
p 0
ut chao_cimento
p 0
ut chao_cimento
p 0
ut chao_cimento
p 0
ut chao_cimento
p 0
ut chao_cimento
p 0
ut chao_cimento
p 0
ut chao_cimento
p 0
ut chao_cimento
p 0
ut chao_cimento
p 0
ut chao_cimento
p 1
ut chao_cimento
uo poste 1:80,23
p 1
ut chao_cimento
p 1
ut chao_cimento
p 1
ut chao_cimento
p 1
ut chao_cimento
p 1
ut chao_cimento
p 1
ut chao_grama
p 1
ut chao_grama
p 1
ut chao_grama
p 1
ut chao_grama
p 1
ut chao_grama
p 1
ut chao_grama
p 1
ut chao_grama
p 1
ut chao_grama
p 1
ut chao_grama
p 1
ut chao_grama
p 1
ut chao_grama
p 1
ut chao_grama
p 1
ut chao_grama
p 1
ut chao_grama
p 1
ut chao_grama
p 1
ut chao_grama
p 1
ut chao_grama
p 1
ut chao_tapetevermelho
p 1
ut chao_tapetevermelho
p 1
ut chao_tapetevermelho
p 1
ut chao_grama
p 1
ut chao_grama
p 1
ut chao_grama
p 1
ut chao_grama
p 1
ut chao_grama
p 1
ut chao_grama
p 1
ut chao_grama
#
#LINHA 24 VVVIIINNNTTEEE EE QUATROOOOOOOOOO!!!!!
p 1
ut chao_cimento
p 1
ut chao_cimento
p 1
ut chao_cimento
p 1
ut chao_tapetevermelho
p 1
ut chao_tapetevermelho
p 1
ut chao_cimento
p 1
ut chao_grama
p 1
ut chao_grama
p 1
ut chao_grama
p 1
ut chao_grama
p 1
ut chao_cimento
uo mesa_redonda 0:12,25
p 1
ut chao_cimento
uo mesa_redonda 0:12,25
p 1
ut chao_cimento
uo mesa_redonda 0:12,25
p 1
ut chao_grama
p 1
ut chao_grama
p 1
ut chao_grama
p 1
ut chao_grama
p 1
ut chao_grama
p 1
ut chao_tapetevermelho
p 1
ut chao_grama
p 1
ut chao_grama
p 1
ut chao_tapetevermelho
p 1
ut chao_grama
p 1
ut chao_grama
p 1
ut chao_cimento
p 1
ut chao_tapetevermelho
p 1
ut chao_tapetevermelho
p 1
ut chao_tapetevermelho
p 1
ut chao_tapetevermelho
p 1
ut chao_tapetevermelho
p 1
ut chao_cimento
uo mesa_redonda 0:32,25
p 1
ut chao_cimento
uo mesa_redonda 0:32,25
p 1
ut chao_cimento
uo mesa_redonda 0:32,25
p 1
ut chao_grama
p 1
ut chao_grama
p 1
ut chao_grama
p 1
ut chao_grama
p 1
ut chao_grama
p 1
ut chao_grama
p 1
ut chao_grama
p 1
ut chao_grama
p 1
ut chao_grama
p 1
ut chao_grama
p 1
ut chao_grama
p 1
ut chao_grama
p 1
ut chao_cimento
p 1
ut chao_cimento
p 1
ut chao_cimento
p 1
ut chao_cimento
p 1
ut chao_cimento
p 1
ut chao_cimento
p 0
ut chao_cimento
p 1
ut chao_asfalto
p 1
ut chao_asfalto
p 1
ut chao_asfalto
p 1
ut chao_asfalto
p 1
ut chao_asfalto
p 1
ut chao_asfalto
p 1
ut chao_asfalto
p 1
ut chao_asfalto
p 1
ut chao_asfalto
p 1
ut chao_asfalto
p 1
ut chao_asfalto
p 1
ut chao_asfalto
p 1
ut chao_asfalto
p 1
ut chao_asfalto
p 0
ut chao_cimento
p 1
ut chao_tapeteroxo
uo computador 1:68,24
p 1
ut chao_tapeteroxo
p 1
ut chao_tapeteroxo
p 1
ut chao_tapeteroxo
uo computador 1:71,24
p 1
ut chao_tapeteroxo
p 1
ut chao_tapeteroxo
p 1
ut chao_tapeteroxo
p 1
ut chao_tapeteroxo
p 1
ut chao_tapeteroxo
p 1
ut chao_tapeteroxo
p 1
ut chao_tapeteroxo
p 0
ut chao_cimento
p 1
ut chao_cimento
p 1
ut chao_cimento
p 1
ut chao_cimento
p 1
ut chao_cimento
p 1
ut chao_cimento
p 1
ut chao_cimento
p 1
ut chao_grama
p 1
ut chao_grama
p 1
ut chao_grama
p 1
ut chao_grama
p 1
ut chao_grama
p 1
ut chao_grama
p 1
ut chao_grama
p 1
ut chao_grama
p 1
ut chao_grama
p 1
ut chao_grama
p 1
ut chao_grama
p 1
ut chao_grama
p 1
ut chao_grama
p 1
ut chao_grama
p 1
ut chao_grama
p 1
ut chao_grama
p 1
ut chao_tapetevermelho
p 1
ut chao_tapetevermelho
p 1
ut chao_tapetevermelho
p 1
ut chao_tapetevermelho
p 1
ut chao_tapetevermelho
p 1
ut chao_grama
p 1
ut chao_grama
p 1
ut chao_grama
p 1
ut chao_grama
p 1
ut chao_grama
p 1
ut chao_grama
#
#LINHA 25 VEINTE Y CINCO!!!!!!!!!!
#
p 1
ut chao_cimento
p 1
ut chao_cimento
p 1
ut chao_cimento
p 1
ut chao_tapetevermelho
p 1
ut chao_cimento
p 1
ut chao_tapetevermelho
p 1
ut chao_grama
p 1
ut chao_grama
p 1
ut chao_grama
p 1
ut chao_grama
p 1
ut chao_cimento
uo mesa_redonda 0:12,25
p 1
ut chao_cimento
uo mesa_redonda 1:12,25
p 1
ut chao_cimento
uo mesa_redonda 0:12,25
p 1
ut chao_grama
p 1
ut chao_grama
p 1
ut chao_grama
p 1
ut chao_grama
p 1
ut chao_grama
p 1
ut chao_tapetevermelho
p 1
ut chao_tapetevermelho
p 1
ut chao_grama
p 1
ut chao_tapetevermelho
p 1
ut chao_grama
p 1
ut chao_grama
p 1
ut chao_cimento
p 1
ut chao_cimento
p 1
ut chao_cimento
p 1
ut chao_tapetevermelho
p 1
ut chao_cimento
p 1
ut chao_cimento
p 1
ut chao_cimento
uo mesa_redonda 0:32,25
p 1
ut chao_cimento
uo mesa_redonda 1:32,25
p 1
ut chao_cimento
uo mesa_redonda 0:32,25
p 1
ut chao_grama
p 1
ut chao_grama
p 1
ut chao_tapetevermelho
p 1
ut chao_grama
p 1
ut chao_grama
p 1
ut chao_tapetevermelho
p 1
ut chao_tapetevermelho
p 1
ut chao_tapetevermelho
p 1
ut chao_grama
p 1
ut chao_grama
p 1
ut chao_grama
p 1
ut chao_grama
p 1
ut chao_cimento
p 1
ut chao_cimento
p 1
ut chao_cimento
p 1
ut chao_cimento
p 1
ut chao_cimento
p 1
ut chao_cimento
p 0
ut chao_cimento
p 1
ut chao_asfalto
p 1
ut chao_asfalto
p 1
ut chao_asfalto
p 1
ut chao_asfalto
p 1
ut chao_asfalto
p 1
ut chao_asfalto
p 1
ut chao_asfalto
p 1
ut chao_asfalto
p 1
ut chao_asfalto
p 1
ut chao_asfalto
p 1
ut chao_asfalto
p 1
ut chao_asfalto
p 1
ut chao_asfalto
p 1
ut chao_asfalto
p 0
ut chao_cimento
p 1
ut chao_tapeteroxo
p 1
ut chao_tapeteroxo
p 1
ut chao_tapeteroxo
p 1
ut chao_tapeteroxo
p 1
ut chao_tapeteroxo
p 1
ut chao_tapeteroxo
p 1
ut chao_tapeteroxo
p 1
ut chao_tapeteroxo
p 1
ut chao_tapeteroxo
p 1
ut chao_tapeteroxo
p 1
ut chao_tapeteroxo
p 0
ut chao_cimento
p 1
ut chao_cimento
p 1
ut chao_cimento
p 1
ut chao_cimento
p 1
ut chao_cimento
p 1
ut chao_cimento
p 1
ut chao_cimento
p 1
ut chao_grama
p 1
ut chao_grama
p 1
ut chao_grama
p 1
ut chao_grama
p 1
ut chao_grama
p 1
ut chao_grama
p 1
ut chao_grama
p 1
ut chao_grama
p 1
ut chao_grama
p 1
ut chao_grama
p 1
ut chao_grama
p 1
ut chao_grama
p 1
ut chao_grama
p 1
ut chao_grama
p 1
ut chao_grama
p 1
ut chao_tapetevermelho
p 1
ut chao_tapetevermelho
p 1
ut chao_tapetevermelho
p 1
ut chao_tapetevermelho
p 1
ut chao_tapetevermelho
p 1
ut chao_tapetevermelho
p 1
ut chao_tapetevermelho
p 1
ut chao_grama
p 1
ut chao_grama
p 1
ut chao_grama
p 1
ut chao_grama
p 1
ut chao_grama
#
#LINHA 26 VINTE E SEEEEIIIIISSSSSS!!!!!!
#
p 1
ut chao_cimento
p 1
ut chao_cimento
p 1
ut chao_cimento
p 1
ut chao_tapetevermelho
p 1
ut chao_cimento
p 1
ut chao_cimento
p 1
ut chao_tapetevermelho
p 1
ut chao_grama
p 1
ut chao_grama
p 1
ut chao_grama
p 1
ut chao_cimento
uo mesa_redonda 0:12,25
p 1
ut chao_cimento
uo mesa_redonda 0:12,25
p 1
ut chao_cimento
uo mesa_redonda 0:12,25
p 1
ut chao_grama
p 1
ut chao_grama
p 1
ut chao_grama
p 1
ut chao_grama
p 1
ut chao_grama
p 1
ut chao_tapetevermelho
p 1
ut chao_tapetevermelho
p 1
ut chao_tapetevermelho
p 1
ut chao_tapetevermelho
p 1
ut chao_grama
p 1
ut chao_tapetevermelho
p 1
ut chao_cimento
p 1
ut chao_cimento
p 1
ut chao_cimento
p 1
ut chao_tapetevermelho
p 1
ut chao_cimento
p 1
ut chao_cimento
p 1
ut chao_cimento
uo mesa_redonda 0:32,25
p 1
ut chao_cimento
uo mesa_redonda 0:32,25
p 1
ut chao_cimento
uo mesa_redonda 0:32,25
p 1
ut chao_grama
p 1
ut chao_grama
p 1
ut chao_tapetevermelho
p 1
ut chao_grama
p 1
ut chao_grama
p 1
ut chao_grama
p 1
ut chao_tapetevermelho
p 1
ut chao_grama
p 1
ut chao_grama
p 1
ut chao_grama
p 1
ut chao_grama
p 1
ut chao_grama
p 1
ut chao_cimento
p 1
ut chao_cimento
p 1
ut chao_cimento
p 1
ut chao_cimento
p 1
ut chao_cimento
p 1
ut chao_cimento
p 0
ut chao_cimento
p 1
ut chao_asfalto
p 1
ut chao_asfalto
p 1
ut chao_asfalto
p 1
ut chao_asfalto
p 1
ut chao_asfalto
p 1
ut chao_asfalto
p 1
ut chao_asfalto
p 1
ut chao_asfalto
p 1
ut chao_asfalto
p 1
ut chao_asfalto
p 1
ut chao_asfalto
p 1
ut chao_asfalto
p 1
ut chao_asfalto
p 1
ut chao_asfalto
p 0
ut chao_cimento
p 1
ut chao_tapeteroxo
p 1
ut chao_tapeteroxo
p 1
ut chao_tapeteroxo
p 1
ut chao_tapeteroxo
p 1
ut chao_tapeteroxo
p 1
ut chao_tapeteroxo
p 1
ut chao_tapeteroxo
p 1
ut chao_tapeteroxo
p 1
ut chao_tapeteroxo
p 1
ut chao_tapeteroxo
p 1
ut chao_tapeteroxo
p 0
ut chao_cimento
p 1
ut chao_cimento
p 1
ut chao_cimento
p 1
ut chao_cimento
p 1
ut chao_cimento
p 1
ut chao_cimento
p 1
ut chao_cimento
p 1
ut chao_grama
p 1
ut chao_grama
p 1
ut chao_grama
p 1
ut chao_grama
p 1
ut chao_grama
p 1
ut chao_grama
p 1
ut chao_grama
p 1
ut chao_grama
p 1
ut chao_grama
p 1
ut chao_grama
p 1
ut chao_grama
p 1
ut chao_grama
p 1
ut chao_grama
p 1
ut chao_grama
p 1
ut chao_tapetevermelho
p 1
ut chao_tapetevermelho
p 1
ut chao_tapetevermelho
p 1
ut chao_tapetevermelho
p 1
ut chao_tapetevermelho
p 1
ut chao_tapetevermelho
p 1
ut chao_tapetevermelho
p 1
ut chao_tapetevermelho
p 1
ut chao_tapetevermelho
p 1
ut chao_grama
p 1
ut chao_grama
p 1
ut chao_grama
p 1
ut chao_grama
#
# LINHA 27 VINTE E SETE!!!!!!!!!!!!!!!!!!!!!!
#
p 1
ut chao_cimento
p 1
ut chao_cimento
p 1
ut chao_cimento
p 1
ut chao_tapetevermelho
p 1
ut chao_cimento
uo mesa_redonda 0:6,28
p 1
ut chao_cimento
uo mesa_redonda 0:6,28
p 1
ut chao_tapetevermelho
uo mesa_redonda 0:6,28
p 1
ut chao_cimento
p 1
ut chao_cimento
p 1
ut chao_tapetevermelho
p 1
ut chao_tapetevermelho
p 1
ut chao_cimento
p 1
ut chao_cimento
p 1
ut chao_grama
p 1
ut chao_tapetevermelho
p 1
ut chao_tapetevermelho
p 1
ut chao_grama
p 1
ut chao_grama
p 1
ut chao_tapetevermelho
p 1
ut chao_grama
p 1
ut chao_tapetevermelho
p 1
ut chao_tapetevermelho
p 1
ut chao_grama
p 1
ut chao_grama
p 1
ut chao_cimento
p 1
ut chao_cimento
p 1
ut chao_cimento
p 1
ut chao_tapetevermelho
p 1
ut chao_grama
p 1
ut chao_grama
p 1
ut chao_grama
p 1
ut chao_tapetevermelho
p 1
ut chao_tapetevermelho
p 1
ut chao_grama
p 1
ut chao_grama
p 1
ut chao_tapetevermelho
p 1
ut chao_tapetevermelho
p 1
ut chao_grama
p 1
ut chao_grama
p 1
ut chao_tapetevermelho
p 1
ut chao_grama
p 1
ut chao_grama
p 1
ut chao_grama
p 1
ut chao_grama
p 1
ut chao_grama
p 1
ut chao_cimento
p 1
ut chao_cimento
p 1
ut chao_cimento
p 1
ut chao_tapetevermelho
p 1
ut chao_tapetevermelho
p 1
ut chao_cimento
p 0
ut chao_cimento
p 1
ut chao_asfalto
p 1
ut chao_asfalto
p 1
ut chao_asfalto
p 1
ut chao_asfalto
p 1
ut chao_asfalto
p 1
ut chao_tapetevermelho
p 1
ut chao_tapetevermelho
p 1
ut chao_asfalto
p 1
ut chao_asfalto
p 1
ut chao_asfalto
p 1
ut chao_asfalto
p 1
ut chao_asfalto
p 1
ut chao_asfalto
p 1
ut chao_asfalto
p 0
ut chao_cimento
p 1
ut chao_tapeteroxo
p 1
ut chao_tapeteroxo
p 1
ut chao_tapeteroxo
p 1
ut chao_tapeteroxo
p 1
ut chao_tapeteroxo
p 1
ut chao_tapeteroxo
p 1
ut chao_tapeteroxo
p 1
ut chao_tapeteroxo
p 1
ut chao_tapeteroxo
p 1
ut chao_tapeteroxo
p 1
ut chao_tapeteroxo
p 0
ut chao_cimento
p 1
ut chao_cimento
p 1
ut chao_cimento
p 1
ut chao_cimento
p 1
ut chao_cimento
p 1
ut chao_cimento
p 1
ut chao_cimento
p 1
ut chao_grama
p 1
ut chao_grama
p 1
ut chao_grama
p 1
ut chao_grama
p 1
ut chao_grama
p 1
ut chao_grama
p 1
ut chao_grama
p 1
ut chao_grama
p 1
ut chao_grama
p 1
ut chao_grama
p 1
ut chao_grama
p 1
ut chao_grama
p 1
ut chao_grama
p 1
ut chao_tapetevermelho
p 1
ut chao_tapetevermelho
p 1
ut chao_tapetevermelho
p 1
ut chao_tapetevermelho
p 1
ut chao_tapetevermelho
p 1
ut chao_tapetevermelho
p 1
ut chao_tapetevermelho
p 1
ut chao_tapetevermelho
p 1
ut chao_tapetevermelho
p 1
ut chao_tapetevermelho
p 1
ut chao_tapetevermelho
p 1
ut chao_grama
p 1
ut chao_grama
p 1
ut chao_grama
#
#LINHA 28!!!!!!!!!VEINTE Y OCHO!!!!!!!
p 1
ut chao_cimento
p 1
ut chao_cimento
p 1
ut chao_cimento
p 1
ut chao_tapetevermelho
p 1
ut chao_cimento
uo mesa_redonda 0:6,28
p 1
ut chao_cimento
uo mesa_redonda 1:6,28
p 1
ut chao_tapetevermelho
uo mesa_redonda 0:6,28
p 1
ut chao_cimento
p 1
ut chao_tapetevermelho
p 1
ut chao_cimento
p 1
ut chao_cimento
p 1
ut chao_tapetevermelho
p 1
ut chao_cimento
p 1
ut chao_tapetevermelho
p 1
ut chao_grama
p 1
ut chao_grama
p 1
ut chao_tapetevermelho
p 1
ut chao_grama
p 1
ut chao_tapetevermelho
p 1
ut chao_grama
p 1
ut chao_grama
p 1
ut chao_tapetevermelho
p 1
ut chao_grama
p 1
ut chao_tapetevermelho
p 1
ut chao_cimento
p 1
ut chao_cimento
p 1
ut chao_cimento
p 1
ut chao_tapetevermelho
p 1
ut chao_grama
p 1
ut chao_grama
p 1
ut chao_tapetevermelho
p 1
ut chao_grama
p 1
ut chao_grama
p 1
ut chao_tapetevermelho
p 1
ut chao_grama
p 1
ut chao_tapetevermelho
p 1
ut chao_grama
p 1
ut chao_tapetevermelho
p 1
ut chao_grama
p 1
ut chao_tapetevermelho
p 1
ut chao_grama
p 1
ut chao_grama
p 1
ut chao_grama
p 1
ut chao_tapetevermelho
p 1
ut chao_grama
p 1
ut chao_tapetevermelho
p 1
ut chao_cimento
p 1
ut chao_cimento
p 1
ut chao_cimento
p 1
ut chao_cimento
p 1
ut chao_tapetevermelho
p 0
ut chao_cimento
p 1
ut chao_tapetevermelho
p 1
ut chao_tapetevermelho
p 1
ut chao_tapetevermelho
p 1
ut chao_asfalto
p 1
ut chao_tapetevermelho
p 1
ut chao_asfalto
p 1
ut chao_asfalto
p 1
ut chao_tapetevermelho
p 1
ut chao_asfalto
p 1
ut chao_asfalto
p 1
ut chao_asfalto
p 1
ut chao_asfalto
p 1
ut chao_asfalto
p 1
ut chao_asfalto
p 0
ut chao_cimento
p 1
ut chao_tapeteroxo
p 1
ut chao_tapeteroxo
p 1
ut chao_tapeteroxo
p 1
ut chao_tapeteroxo
p 1
ut chao_tapeteroxo
p 1
ut chao_tapeteroxo
p 1
ut chao_tapeteroxo
p 1
ut chao_tapeteroxo
p 1
ut chao_tapeteroxo
p 1
ut chao_tapeteroxo
p 1
ut chao_tapeteroxo
p 0
ut chao_cimento
p 1
ut chao_cimento
p 1
ut chao_cimento
p 1
ut chao_cimento
p 1
ut chao_cimento
p 1
ut chao_cimento
p 1
ut chao_cimento
p 1
ut chao_grama
p 1
ut chao_grama
p 1
ut chao_grama
p 1
ut chao_grama
p 1
ut chao_grama
p 1
ut chao_grama
p 1
ut chao_grama
p 1
ut chao_grama
p 1
ut chao_grama
p 1
ut chao_grama
p 1
ut chao_grama
p 1
ut chao_grama
p 1
ut chao_tapetevermelho
p 1
ut chao_tapetevermelho
p 1
ut chao_tapetevermelho
p 1
ut chao_tapetevermelho
p 1
ut chao_tapetevermelho
p 1
ut chao_tapetevermelho
p 1
ut chao_tapetevermelho
p 1
ut chao_tapetevermelho
p 1
ut chao_tapetevermelho
p 1
ut chao_tapetevermelho
p 1
ut chao_tapetevermelho
p 1
ut chao_tapetevermelho
p 1
ut chao_tapetevermelho
p 1
ut chao_grama
p 1
ut chao_grama
# 
#LINHA 29 VINTE E NOOOOOOOOOOOOOOOOOOOOOVVVVEEEE!
#
p 1
ut chao_cimento
p 1
ut chao_cimento
p 1
ut chao_cimento
p 1
ut chao_tapetevermelho
p 1
ut chao_cimento
uo mesa_redonda 0:6,28
p 1
ut chao_cimento
uo mesa_redonda 0:6,28
p 1
ut chao_tapetevermelho
uo mesa_redonda 0:6,28
p 1
ut chao_cimento
p 1
ut chao_tapetevermelho
p 1
ut chao_cimento
p 1
ut chao_cimento
p 1
ut chao_cimento
p 1
ut chao_cimento
p 1
ut chao_tapetevermelho
p 1
ut chao_grama
p 1
ut chao_grama
p 1
ut chao_grama
p 1
ut chao_grama
p 1
ut chao_tapetevermelho
p 1
ut chao_grama
p 1
ut chao_grama
p 1
ut chao_tapetevermelho
p 1
ut chao_grama
p 1
ut chao_tapetevermelho
p 1
ut chao_cimento
p 1
ut chao_cimento
p 1
ut chao_cimento
p 1
ut chao_tapetevermelho
p 1
ut chao_grama
p 1
ut chao_grama
p 1
ut chao_tapetevermelho
p 1
ut chao_grama
p 1
ut chao_grama
p 1
ut chao_tapetevermelho
p 1
ut chao_grama
p 1
ut chao_tapetevermelho
p 1
ut chao_grama
p 1
ut chao_tapetevermelho
p 1
ut chao_grama
p 1
ut chao_tapetevermelho
p 1
ut chao_grama
p 1
ut chao_grama
p 1
ut chao_tapetevermelho
p 1
ut chao_grama
p 1
ut chao_tapetevermelho
p 1
ut chao_cimento
p 1
ut chao_tapetevermelho
p 1
ut chao_cimento
p 1
ut chao_tapetevermelho
p 1
ut chao_tapetevermelho
p 1
ut chao_tapetevermelho
p 0
ut chao_cimento
p 1
ut chao_tapetevermelho
p 1
ut chao_asfalto
p 1
ut chao_tapetevermelho
p 1
ut chao_asfalto
p 1
ut chao_tapetevermelho
p 1
ut chao_tapetevermelho
p 1
ut chao_tapetevermelho
p 1
ut chao_tapetevermelho
p 1
ut chao_asfalto
p 1
ut chao_asfalto
p 1
ut chao_asfalto
p 1
ut chao_asfalto
p 1
ut chao_asfalto
p 1
ut chao_asfalto
p 0
ut chao_cimento
p 1
ut chao_tapeteroxo
p 1
ut chao_tapeteroxo
p 1
ut chao_tapeteroxo
p 1
ut chao_tapeteroxo
p 1
ut chao_tapeteroxo
p 1
ut chao_tapeteroxo
p 1
ut chao_tapeteroxo
p 1
ut chao_tapeteroxo
p 1
ut chao_tapeteroxo
p 1
ut chao_tapeteroxo
p 1
ut chao_tapeteroxo
p 0
ut chao_cimento
p 1
ut chao_cimento
p 1
ut chao_cimento
p 1
ut chao_cimento
p 1
ut chao_cimento
p 1
ut chao_cimento
p 1
ut chao_cimento
p 1
ut chao_grama
p 1
ut chao_grama
p 1
ut chao_grama
p 1
ut chao_grama
p 1
ut chao_grama
p 1
ut chao_grama
p 1
ut chao_grama
p 1
ut chao_grama
p 1
ut chao_grama
p 1
ut chao_grama
p 1
ut chao_grama
p 1
ut chao_tapetevermelho
p 1
ut chao_tapetevermelho
p 1
ut chao_tapetevermelho
p 1
ut chao_tapetevermelho
p 1
ut chao_tapetevermelho
p 1
ut chao_tapetevermelho
p 1
ut chao_tapetevermelho
p 1
ut chao_tapetevermelho
p 1
ut chao_tapetevermelho
p 1
ut chao_tapetevermelho
p 1
ut chao_tapetevermelho
p 1
ut chao_tapetevermelho
p 1
ut chao_tapetevermelho
p 1
ut chao_tapetevermelho
p 1
ut chao_tapetevermelho
p 1
ut chao_grama
#
#LINHA 30 TTTRRRREEEEINNNNNTTAAAAAAA
#
p 1
ut chao_cimento
p 1
ut chao_cimento
p 1
ut chao_cimento
p 1
ut chao_tapetevermelho
p 1
ut chao_cimento
p 1
ut chao_tapetevermelho
p 1
ut chao_grama
p 1
ut chao_grama
p 1
ut chao_tapetevermelho
p 1
ut chao_grama
p 1
ut chao_cimento
p 1
ut chao_tapetevermelho
p 1
ut chao_cimento
p 1
ut chao_tapetevermelho
p 1
ut chao_grama
p 1
ut chao_grama
p 1
ut chao_tapetevermelho
p 1
ut chao_grama
p 1
ut chao_tapetevermelho
p 1
ut chao_grama
p 1
ut chao_grama
p 1
ut chao_tapetevermelho
p 1
ut chao_grama
p 1
ut chao_tapetevermelho
p 1
ut chao_cimento
p 1
ut chao_cimento
p 1
ut chao_cimento
p 1
ut chao_tapetevermelho
p 1
ut chao_grama
p 1
ut chao_grama
p 1
ut chao_tapetevermelho
p 1
ut chao_grama
p 1
ut chao_grama
p 1
ut chao_tapetevermelho
p 1
ut chao_grama
p 1
ut chao_tapetevermelho
p 1
ut chao_grama
p 1
ut chao_tapetevermelho
p 1
ut chao_grama
p 1
ut chao_tapetevermelho
p 1
ut chao_grama
p 1
ut chao_grama
p 1
ut chao_tapetevermelho
p 1
ut chao_grama
p 1
ut chao_grama
p 1
ut chao_cimento
p 1
ut chao_tapetevermelho
p 1
ut chao_cimento
p 1
ut chao_tapetevermelho
p 1
ut chao_cimento
p 1
ut chao_tapetevermelho
p 0
ut chao_cimento
p 1
ut chao_tapetevermelho
p 1
ut chao_asfalto
p 1
ut chao_tapetevermelho
p 1
ut chao_asfalto
p 1
ut chao_tapetevermelho
p 1
ut chao_asfalto
p 1
ut chao_asfalto
p 1
ut chao_asfalto
p 1
ut chao_asfalto
p 1
ut chao_asfalto
p 1
ut chao_asfalto
p 1
ut chao_asfalto
p 1
ut chao_asfalto
p 1
ut chao_asfalto
p 0
ut chao_cimento
p 1
ut chao_tapeteroxo
p 1
ut chao_tapeteroxo
p 1
ut chao_tapeteroxo
p 1
ut chao_tapeteroxo
p 1
ut chao_tapeteroxo
p 1
ut chao_tapeteroxo
p 1
ut chao_tapeteroxo
p 1
ut chao_tapeteroxo
p 1
ut chao_tapeteroxo
p 1
ut chao_tapeteroxo
p 1
ut chao_tapeteroxo
p 0
ut chao_cimento
p 1
ut chao_cimento
p 1
ut chao_cimento
p 1
ut chao_cimento
p 1
ut chao_cimento
p 1
ut chao_cimento
p 1
ut chao_cimento
p 1
ut chao_grama
p 1
ut chao_grama
p 1
ut chao_grama
p 1
ut chao_grama
p 1
ut chao_grama
p 1
ut chao_grama
p 1
ut chao_grama
p 1
ut chao_grama
p 1
ut chao_grama
p 1
ut chao_grama
p 1
ut chao_tapetevermelho
p 1
ut chao_tapetevermelho
p 1
ut chao_tapetevermelho
p 1
ut chao_tapetevermelho
p 1
ut chao_tapetevermelho
p 1
ut chao_tapetevermelho
p 1
ut chao_tapetevermelho
p 1
ut chao_tapetevermelho
p 1
ut chao_tapetevermelho
p 1
ut chao_tapetevermelho
p 1
ut chao_tapetevermelho
p 1
ut chao_tapetevermelho
p 1
ut chao_tapetevermelho
p 1
ut chao_tapetevermelho
p 1
ut chao_tapetevermelho
p 1
ut chao_tapetevermelho
p 1
ut chao_tapetevermelho
#
#LINHA 31 TREINTA Y UNOOOOOOOOOOOOOO!!!!!!
#
p 1
ut chao_cimento
p 1
ut chao_cimento
p 1
ut chao_cimento
p 1
ut chao_tapetevermelho
p 1
ut chao_tapetevermelho
p 1
ut chao_cimento
p 1
ut chao_grama
p 1
ut chao_grama
p 1
ut chao_grama
p 1
ut chao_tapetevermelho
p 1
ut chao_tapetevermelho
p 1
ut chao_cimento
p 1
ut chao_cimento
p 1
ut chao_cimento
p 1
ut chao_tapetevermelho
p 1
ut chao_tapetevermelho
p 1
ut chao_grama
p 1
ut chao_grama
p 1
ut chao_tapetevermelho
p 1
ut chao_grama
p 1
ut chao_grama
p 1
ut chao_tapetevermelho
p 1
ut chao_grama
p 1
ut chao_grama
p 1
ut chao_tapetevermelho
p 1
ut chao_cimento
p 1
ut chao_cimento
p 1
ut chao_tapetevermelho
p 1
ut chao_grama
p 1
ut chao_grama
p 1
ut chao_grama
p 1
ut chao_tapetevermelho
p 1
ut chao_tapetevermelho
p 1
ut chao_tapetevermelho
p 1
ut chao_grama
p 1
ut chao_tapetevermelho
p 1
ut chao_grama
p 1
ut chao_tapetevermelho
p 1
ut chao_grama
p 1
ut chao_grama
p 1
ut chao_tapetevermelho
p 1
ut chao_grama
p 1
ut chao_tapetevermelho
p 1
ut chao_grama
p 1
ut chao_grama
p 1
ut chao_cimento
p 1
ut chao_tapetevermelho
p 1
ut chao_cimento
p 1
ut chao_cimento
p 1
ut chao_tapetevermelho
p 1
ut chao_tapetevermelho
p 1
ut chao_asfalto
p 1
ut chao_tapetevermelho
p 1
ut chao_asfalto
p 1
ut chao_tapetevermelho
p 1
ut chao_asfalto
p 1
ut chao_asfalto
p 1
ut chao_tapetevermelho
p 1
ut chao_tapetevermelho
p 1
ut chao_asfalto
p 1
ut chao_asfalto
p 1
ut chao_asfalto
p 1
ut chao_asfalto
p 1
ut chao_asfalto
p 1
ut chao_asfalto
p 1
ut chao_asfalto
p 0
ut chao_cimento
p 1
ut chao_tapeteroxo
p 1
ut chao_tapeteroxo
p 1
ut chao_tapeteroxo
p 1
ut chao_tapeteroxo
p 1
ut chao_tapeteroxo
p 1
ut chao_tapeteroxo
p 1
ut chao_tapeteroxo
p 1
ut chao_tapeteroxo
p 1
ut chao_tapeteroxo
p 1
ut chao_tapeteroxo
p 1
ut chao_tapeteroxo
p 1
ut chao_tapeteroxo
p 1
ut chao_cimento
p 1
ut chao_cimento
p 1
ut chao_cimento
p 1
ut chao_cimento
p 1
ut chao_cimento
p 1
ut chao_cimento
p 1
ut chao_grama
p 1
ut chao_grama
p 1
ut chao_grama
p 1
ut chao_grama
p 1
ut chao_grama
p 1
ut chao_grama
p 1
ut chao_grama
p 1
ut chao_grama
p 1
ut chao_grama
p 1
ut chao_grama
p 1
ut chao_tapetevermelho
p 1
ut chao_tapetevermelho
p 1
ut chao_tapetevermelho
p 1
ut chao_tapetevermelho
p 1
ut chao_tapetevermelho
p 1
ut chao_tapetevermelho
p 1
ut chao_tapetevermelho
p 1
ut chao_tapetevermelho
p 1
ut chao_tapetevermelho
uo macaco 1:104,31
p 1
ut chao_tapetevermelho
p 1
ut chao_tapetevermelho
p 1
ut chao_tapetevermelho
p 1
ut chao_tapetevermelho
p 1
ut chao_tapetevermelho
p 1
ut chao_tapetevermelho
p 1
ut chao_tapetevermelho
p 1
ut chao_tapetevermelho
#
#LINHA 32 TRINTA E DDDDDDDDDOOOOOOIIIIISSSS!!!!!!
#
p 1
ut chao_cimento
p 1
ut chao_cimento
p 1
ut chao_cimento
p 1
ut chao_cimento
p 1
ut chao_cimento
p 1
ut chao_cimento
p 1
ut chao_grama
p 1
ut chao_grama
p 1
ut chao_grama
p 1
ut chao_grama
p 1
ut chao_grama
p 1
ut chao_cimento
p 1
ut chao_cimento
p 1
ut chao_cimento
p 1
ut chao_grama
p 1
ut chao_grama
p 1
ut chao_grama
p 1
ut chao_grama
p 1
ut chao_grama
p 1
ut chao_grama
p 1
ut chao_grama
p 1
ut chao_grama
p 1
ut chao_grama
p 1
ut chao_grama
p 1
ut chao_grama
p 1
ut chao_cimento
p 1
ut chao_cimento
p 1
ut chao_grama
p 1
ut chao_grama
p 1
ut chao_grama
p 1
ut chao_grama
p 1
ut chao_grama
p 1
ut chao_grama
p 1
ut chao_tapetevermelho
p 1
ut chao_grama
p 1
ut chao_grama
p 1
ut chao_grama
p 1
ut chao_grama
p 1
ut chao_grama
p 1
ut chao_grama
p 1
ut chao_grama
p 1
ut chao_grama
p 1
ut chao_grama
p 1
ut chao_grama
p 1
ut chao_grama
p 1
ut chao_cimento
p 1
ut chao_cimento
p 1
ut chao_cimento
p 1
ut chao_cimento
p 1
ut chao_cimento
p 1
ut chao_cimento
p 1
ut chao_asfalto
p 1
ut chao_asfalto
p 1
ut chao_asfalto
p 1
ut chao_asfalto
p 1
ut chao_asfalto
p 1
ut chao_asfalto
p 1
ut chao_asfalto
p 1
ut chao_asfalto
p 1
ut chao_asfalto
p 1
ut chao_asfalto
p 1
ut chao_asfalto
p 1
ut chao_asfalto
p 1
ut chao_asfalto
p 1
ut chao_asfalto
p 1
ut chao_asfalto
p 0
ut chao_cimento
p 1
ut chao_tapeteroxo
p 1
ut chao_tapeteroxo
p 1
ut chao_tapeteroxo
p 1
ut chao_tapeteroxo
p 1
ut chao_tapeteroxo
p 1
ut chao_tapeteroxo
p 1
ut chao_tapeteroxo
p 1
ut chao_tapeteroxo
p 1
ut chao_tapeteroxo
p 1
ut chao_tapeteroxo
p 1
ut chao_tapeteroxo
p 1
ut chao_tapeteroxo
p 1
ut chao_cimento
p 1
ut chao_cimento
p 1
ut chao_cimento
p 1
ut chao_cimento
p 1
ut chao_cimento
p 1
ut chao_cimento
p 1
ut chao_grama
p 1
ut chao_grama
p 1
ut chao_grama
p 1
ut chao_grama
p 1
ut chao_grama
p 1
ut chao_grama
p 1
ut chao_grama
p 1
ut chao_grama
p 1
ut chao_grama
p 1
ut chao_grama
p 1
ut chao_tapetevermelho
p 1
ut chao_tapetevermelho
p 1
ut chao_tapetevermelho
p 1
ut chao_tapetevermelho
p 1
ut chao_tapetevermelho
p 1
ut chao_tapetevermelho
p 1
ut chao_tapetevermelho
p 1
ut chao_tapetevermelho
p 1
ut chao_tapetevermelho
p 1
ut chao_tapetevermelho
p 1
ut chao_tapetevermelho
p 1
ut chao_tapetevermelho
p 1
ut chao_tapetevermelho
p 1
ut chao_tapetevermelho
p 1
ut chao_tapetevermelho
p 1
ut chao_tapetevermelho
p 1
ut chao_tapetevermelho
#
#LINHA 33 TRINTA E TREEEEEEEESSSSSSSS!!!
#
p 1
ut chao_cimento
p 1
ut chao_cimento
p 1
ut chao_cimento
p 1
ut chao_cimento
p 1
ut chao_cimento
p 1
ut chao_cimento
p 1
ut chao_grama
p 1
ut chao_grama
p 1
ut chao_grama
p 1
ut chao_grama
p 1
ut chao_grama
p 1
ut chao_cimento
p 1
ut chao_cimento
p 1
ut chao_cimento
p 1
ut chao_cimento
p 1
ut chao_cimento
p 1
ut chao_cimento
p 1
ut chao_cimento
p 1
ut chao_cimento
p 1
ut chao_cimento
p 1
ut chao_cimento
p 1
ut chao_cimento
p 1
ut chao_cimento
p 1
ut chao_cimento
p 1
ut chao_cimento
uo mesa_redonda 0:26,34
p 1
ut chao_cimento
uo mesa_redonda 0:26,34
p 1
ut chao_cimento
uo mesa_redonda 0:26,34
p 1
ut chao_grama
p 1
ut chao_grama
p 1
ut chao_grama
p 1
ut chao_grama
p 1
ut chao_tapetevermelho
p 1
ut chao_grama
p 1
ut chao_tapetevermelho
p 1
ut chao_grama
p 1
ut chao_grama
p 1
ut chao_grama
p 1
ut chao_grama
p 1
ut chao_grama
p 1
ut chao_grama
p 1
ut chao_grama
p 1
ut chao_grama
p 1
ut chao_grama
p 1
ut chao_grama
p 1
ut chao_grama
p 1
ut chao_cimento
p 1
ut chao_cimento
p 1
ut chao_cimento
p 1
ut chao_cimento
p 1
ut chao_cimento
p 1
ut chao_cimento
p 0
ut chao_cimento
p 1
ut chao_asfalto
p 1
ut chao_asfalto
p 1
ut chao_asfalto
p 1
ut chao_asfalto
p 1
ut chao_asfalto
p 1
ut chao_asfalto
p 1
ut chao_asfalto
p 1
ut chao_asfalto
p 1
ut chao_asfalto
p 1
ut chao_asfalto
p 1
ut chao_asfalto
p 1
ut chao_asfalto
p 1
ut chao_asfalto
p 1
ut chao_asfalto
p 0
ut chao_cimento
p 1
ut chao_tapeteroxo
p 1
ut chao_tapeteroxo
p 1
ut chao_tapeteroxo
p 1
ut chao_tapeteroxo
p 1
ut chao_tapeteroxo
p 1
ut chao_tapeteroxo
p 1
ut chao_tapeteroxo
p 1
ut chao_tapeteroxo
p 1
ut chao_tapeteroxo
p 1
ut chao_tapeteroxo
p 1
ut chao_tapeteroxo
p 0
ut chao_cimento
p 1
ut chao_cimento
p 1
ut chao_cimento
p 1
ut chao_cimento
p 1
ut chao_cimento
p 1
ut chao_cimento
p 1
ut chao_cimento
p 1
ut chao_grama
p 1
ut chao_grama
p 1
ut chao_grama
p 1
ut chao_grama
p 1
ut chao_grama
p 1
ut chao_grama
p 1
ut chao_grama
p 1
ut chao_grama
p 1
ut chao_grama
p 1
ut chao_grama
p 1
ut chao_grama
p 1
ut chao_tapetevermelho
p 1
ut chao_tapetevermelho
p 1
ut chao_tapetevermelho
p 1
ut chao_tapetevermelho
p 1
ut chao_tapetevermelho
p 1
ut chao_tapetevermelho
p 1
ut chao_tapetevermelho
p 1
ut chao_tapetevermelho
p 1
ut chao_tapetevermelho
p 1
ut chao_tapetevermelho
p 1
ut chao_tapetevermelho
p 1
ut chao_tapetevermelho
p 1
ut chao_tapetevermelho
p 1
ut chao_tapetevermelho
p 1
ut chao_tapetevermelho
p 1
ut chao_grama
#
#LINHA 34 TRINTA E QUUUAAAAAATRRRROOOOOO!
#
p 1
ut chao_cimento
p 1
ut chao_cimento
p 1
ut chao_cimento
p 1
ut chao_cimento
p 1
ut chao_cimento
p 1
ut chao_cimento
p 1
ut chao_grama
p 1
ut chao_grama
p 1
ut chao_grama
p 1
ut chao_grama
p 1
ut chao_grama
p 1
ut chao_cimento
p 1
ut chao_cimento
p 1
ut chao_cimento
p 1
ut chao_cimento
p 1
ut chao_cimento
p 1
ut chao_cimento
p 1
ut chao_cimento
p 1
ut chao_cimento
p 1
ut chao_cimento
p 1
ut chao_cimento
p 1
ut chao_cimento
p 1
ut chao_cimento
p 1
ut chao_cimento
p 1
ut chao_cimento
uo mesa_redonda 0:26,34
p 1
ut chao_cimento
uo mesa_redonda 1:26,34
p 1
ut chao_cimento
uo mesa_redonda 0:26,34
p 1
ut chao_grama
p 1
ut chao_grama
p 1
ut chao_grama
p 1
ut chao_grama
p 1
ut chao_grama
p 1
ut chao_tapetevermelho
p 1
ut chao_grama
p 1
ut chao_grama
p 1
ut chao_grama
p 1
ut chao_grama
p 1
ut chao_grama
p 1
ut chao_grama
p 1
ut chao_grama
p 1
ut chao_grama
p 1
ut chao_grama
p 1
ut chao_grama
p 1
ut chao_grama
p 1
ut chao_grama
p 1
ut chao_cimento
p 1
ut chao_cimento
p 1
ut chao_cimento
p 1
ut chao_cimento
p 1
ut chao_cimento
p 1
ut chao_cimento
p 0
ut chao_cimento
p 1
ut chao_asfalto
p 1
ut chao_asfalto
p 1
ut chao_asfalto
p 1
ut chao_asfalto
p 1
ut chao_asfalto
p 1
ut chao_asfalto
p 1
ut chao_asfalto
p 1
ut chao_asfalto
p 1
ut chao_asfalto
p 1
ut chao_asfalto
p 1
ut chao_asfalto
p 1
ut chao_asfalto
p 1
ut chao_asfalto
p 1
ut chao_asfalto
p 0
ut chao_cimento
p 1
ut chao_tapeteroxo
p 1
ut chao_tapeteroxo
p 1
ut chao_tapeteroxo
p 1
ut chao_tapeteroxo
p 1
ut chao_tapeteroxo
p 1
ut chao_tapeteroxo
p 1
ut chao_tapeteroxo
p 1
ut chao_tapeteroxo
p 1
ut chao_tapeteroxo
p 1
ut chao_tapeteroxo
p 1
ut chao_tapeteroxo
p 0
ut chao_cimento
p 1
ut chao_cimento
p 1
ut chao_cimento
p 1
ut chao_cimento
p 1
ut chao_cimento
p 1
ut chao_cimento
p 1
ut chao_cimento
p 1
ut chao_grama
p 1
ut chao_grama
p 1
ut chao_grama
p 1
ut chao_grama
p 1
ut chao_grama
p 1
ut chao_grama
p 1
ut chao_grama
p 1
ut chao_grama
p 1
ut chao_grama
p 1
ut chao_grama
p 1
ut chao_grama
p 1
ut chao_grama
p 1
ut chao_tapetevermelho
p 1
ut chao_tapetevermelho
p 1
ut chao_tapetevermelho
p 1
ut chao_tapetevermelho
p 1
ut chao_tapetevermelho
p 1
ut chao_tapetevermelho
p 1
ut chao_tapetevermelho
p 1
ut chao_tapetevermelho
p 1
ut chao_tapetevermelho
p 1
ut chao_tapetevermelho
p 1
ut chao_tapetevermelho
p 1
ut chao_tapetevermelho
p 1
ut chao_tapetevermelho
p 1
ut chao_grama
p 1
ut chao_grama
#
#TRINTA E CINCO!!!!
#
p 1
ut chao_cimento
p 1
ut chao_cimento
p 1
ut chao_cimento
p 1
ut chao_cimento
p 1
ut chao_cimento
p 1
ut chao_cimento
p 1
ut chao_grama
p 1
ut chao_grama
p 1
ut chao_grama
p 1
ut chao_grama
p 1
ut chao_grama
p 1
ut chao_cimento
p 1
ut chao_cimento
p 1
ut chao_cimento
p 1
ut chao_cimento
p 1
ut chao_cimento
p 1
ut chao_cimento
p 1
ut chao_cimento
p 1
ut chao_cimento
p 1
ut chao_cimento
p 1
ut chao_cimento
p 1
ut chao_cimento
p 1
ut chao_cimento
p 1
ut chao_cimento
p 1
ut chao_cimento
uo mesa_redonda 0:26,34
p 1
ut chao_cimento
uo mesa_redonda 0:26,34
p 1
ut chao_cimento
uo mesa_redonda 0:26,34
p 1
ut chao_grama
p 1
ut chao_grama
p 1
ut chao_grama
p 1
ut chao_grama
p 1
ut chao_grama
p 1
ut chao_grama
p 1
ut chao_grama
p 1
ut chao_grama
p 1
ut chao_grama
p 1
ut chao_grama
p 1
ut chao_grama
p 1
ut chao_grama
p 1
ut chao_grama
p 1
ut chao_grama
p 1
ut chao_grama
p 1
ut chao_grama
p 1
ut chao_grama
p 1
ut chao_grama
p 1
ut chao_cimento
p 1
ut chao_cimento
p 1
ut chao_cimento
p 1
ut chao_cimento
p 1
ut chao_cimento
p 1
ut chao_cimento
p 0
ut chao_cimento
p 1
ut chao_asfalto
p 1
ut chao_asfalto
p 1
ut chao_asfalto
p 1
ut chao_asfalto
p 1
ut chao_asfalto
p 1
ut chao_asfalto
p 1
ut chao_asfalto
p 1
ut chao_asfalto
p 1
ut chao_asfalto
p 1
ut chao_asfalto
p 1
ut chao_asfalto
p 1
ut chao_asfalto
p 1
ut chao_asfalto
p 1
ut chao_asfalto
p 0
ut chao_cimento
p 1
ut chao_tapeteroxo
p 1
ut chao_tapeteroxo
p 1
ut chao_tapeteroxo
p 1
ut chao_tapeteroxo
p 1
ut chao_tapeteroxo
p 1
ut chao_tapeteroxo
p 1
ut chao_tapeteroxo
uo computador 1:74,35
p 1
ut chao_tapeteroxo
p 1
ut chao_tapeteroxo
p 1
ut chao_tapeteroxo
p 1
ut chao_tapeteroxo
uo computador 1:78,35
p 0
ut chao_cimento
p 1
ut chao_cimento
p 1
ut chao_cimento
p 1
ut chao_cimento
p 1
ut chao_cimento
p 1
ut chao_cimento
p 1
ut chao_cimento
p 1
ut chao_grama
p 1
ut chao_grama
p 1
ut chao_grama
p 1
ut chao_grama
p 1
ut chao_grama
p 1
ut chao_grama
p 1
ut chao_grama
p 1
ut chao_grama
p 1
ut chao_grama
p 1
ut chao_grama
p 1
ut chao_grama
p 1
ut chao_grama
p 1
ut chao_grama
p 1
ut chao_tapetevermelho
p 1
ut chao_tapetevermelho
p 1
ut chao_tapetevermelho
p 1
ut chao_tapetevermelho
p 1
ut chao_tapetevermelho
p 1
ut chao_tapetevermelho
p 1
ut chao_tapetevermelho
p 1
ut chao_tapetevermelho
p 1
ut chao_tapetevermelho
p 1
ut chao_tapetevermelho
p 1
ut chao_tapetevermelho
p 1
ut chao_grama
p 1
ut chao_grama
p 1
ut chao_grama
#
#LINHA 36 TRINTA E SEISSSSSSSSSSSSSSSSSSS!!!!
#
p 1
ut chao_cimento
p 1
ut chao_cimento
p 1
ut chao_cimento
p 1
ut chao_cimento
p 1
ut chao_cimento
p 1
ut chao_cimento
p 1
ut chao_grama
p 1
ut chao_grama
p 1
ut chao_grama
p 1
ut chao_grama
p 1
ut chao_grama
p 1
ut chao_grama
p 1
ut chao_grama
p 1
ut chao_grama
p 1
ut chao_grama
p 1
ut chao_grama
p 1
ut chao_grama
p 1
ut chao_grama
p 1
ut chao_grama
p 1
ut chao_grama
p 1
ut chao_grama
p 1
ut chao_grama
p 1
ut chao_grama
p 1
ut chao_grama
p 1
ut chao_grama
p 1
ut chao_grama
p 1
ut chao_grama
p 1
ut chao_grama
p 1
ut chao_grama
p 1
ut chao_grama
p 1
ut chao_grama
p 1
ut chao_grama
p 1
ut chao_grama
p 1
ut chao_grama
p 1
ut chao_grama
p 1
ut chao_grama
p 1
ut chao_grama
p 1
ut chao_grama
p 1
ut chao_grama
p 1
ut chao_grama
p 1
ut chao_grama
p 1
ut chao_grama
p 1
ut chao_grama
p 1
ut chao_grama
p 1
ut chao_grama
p 1
ut chao_cimento
p 1
ut chao_cimento
p 1
ut chao_cimento
p 1
ut chao_cimento
p 1
ut chao_cimento
p 1
ut chao_cimento
p 0
ut chao_cimento
p 0
ut chao_asfalto
p 0
ut chao_asfalto
p 0
ut chao_asfalto
p 0
ut chao_asfalto
p 0
ut chao_asfalto
p 0
ut chao_asfalto
p 0
ut chao_asfalto
p 0
ut chao_asfalto
p 0
ut chao_asfalto
p 0
ut chao_asfalto
p 0
ut chao_asfalto
p 0
ut chao_asfalto
p 0
ut chao_asfalto
p 0
ut chao_asfalto
p 0
ut chao_cimento
p 0
ut chao_tapeteroxo
p 0
ut chao_tapeteroxo
p 0
ut chao_tapeteroxo
p 0
ut chao_tapeteroxo
p 0
ut chao_tapeteroxo
p 0
ut chao_tapeteroxo
p 0
ut chao_tapeteroxo
p 0
ut chao_tapeteroxo
p 0
ut chao_tapeteroxo
p 0
ut chao_tapeteroxo
p 0
ut chao_tapeteroxo
p 0
ut chao_cimento
p 1
ut chao_cimento
p 1
ut chao_cimento
p 1
ut chao_cimento
p 1
ut chao_cimento
p 1
ut chao_cimento
p 1
ut chao_cimento
p 1
ut chao_grama
p 1
ut chao_grama
p 1
ut chao_grama
p 1
ut chao_grama
p 1
ut chao_grama
p 1
ut chao_grama
p 1
ut chao_grama
p 1
ut chao_grama
p 1
ut chao_grama
p 1
ut chao_grama
p 1
ut chao_grama
p 1
ut chao_grama
p 1
ut chao_grama
p 1
ut chao_grama
p 1
ut chao_tapetevermelho
p 1
ut chao_tapetevermelho
p 1
ut chao_tapetevermelho
p 1
ut chao_tapetevermelho
p 1
ut chao_tapetevermelho
p 1
ut chao_tapetevermelho
p 1
ut chao_tapetevermelho
p 1
ut chao_tapetevermelho
p 1
ut chao_tapetevermelho
p 1
ut chao_grama
p 1
ut chao_grama
p 1
ut chao_grama
p 1
ut chao_grama
#
#LINHA 37   TRINTA E SETEEEEEEEEE
#
p 1
ut chao_cimento
p 1
ut chao_cimento
p 1
ut chao_cimento
p 1
ut chao_cimento
p 1
ut chao_cimento
p 1
ut chao_cimento
p 1
ut chao_cimento
p 1
ut chao_cimento
p 1
ut chao_cimento
p 1
ut chao_cimento
p 1
ut chao_cimento
p 1
ut chao_cimento
p 1
ut chao_cimento
p 1
ut chao_cimento
p 1
ut chao_cimento
p 1
ut chao_cimento
p 1
ut chao_cimento
p 1
ut chao_cimento
p 1
ut chao_cimento
p 1
ut chao_cimento
p 1
ut chao_cimento
p 1
ut chao_cimento
p 1
ut chao_cimento
p 1
ut chao_cimento
p 1
ut chao_cimento
p 1
ut chao_cimento
p 1
ut chao_cimento
p 1
ut chao_cimento
p 1
ut chao_cimento
p 1
ut chao_cimento
p 1
ut chao_cimento
p 1
ut chao_cimento
p 1
ut chao_cimento
p 1
ut chao_cimento
p 1
ut chao_cimento
p 1
ut chao_cimento
p 1
ut chao_cimento
p 1
ut chao_cimento
p 1
ut chao_cimento
p 1
ut chao_cimento
p 1
ut chao_cimento
p 1
ut chao_cimento
p 1
ut chao_cimento
p 1
ut chao_cimento
p 1
ut chao_cimento
p 1
ut chao_cimento
p 1
ut chao_cimento
p 1
ut chao_cimento
p 1
ut chao_cimento
p 1
ut chao_cimento
p 1
ut chao_cimento
p 1
ut chao_cimento
p 1
ut chao_cimento
p 1
ut chao_cimento
p 1
ut chao_cimento
p 1
ut chao_cimento
p 1
ut chao_cimento
p 1
ut chao_cimento
p 1
ut chao_cimento
p 1
ut chao_cimento
p 1
ut chao_cimento
p 1
ut chao_cimento
p 1
ut chao_cimento
p 1
ut chao_cimento
p 1
ut chao_cimento
p 1
ut chao_cimento
p 1
ut chao_cimento
p 1
ut chao_cimento
p 1
ut chao_cimento
p 1
ut chao_cimento
p 1
ut chao_cimento
p 1
ut chao_cimento
p 1
ut chao_cimento
p 1
ut chao_cimento
p 1
ut chao_cimento
p 1
ut chao_cimento
p 1
ut chao_cimento
p 1
ut chao_cimento
p 1
ut chao_cimento
p 1
ut chao_cimento
p 1
ut chao_cimento
p 1
ut chao_cimento
p 1
ut chao_cimento
p 1
ut chao_cimento
p 1
ut chao_cimento
p 1
ut chao_grama
p 1
ut chao_grama
p 1
ut chao_grama
p 1
ut chao_grama
p 1
ut chao_grama
p 1
ut chao_grama
p 1
ut chao_grama
p 1
ut chao_grama
p 1
ut chao_grama
p 1
ut chao_grama
p 1
ut chao_grama
p 1
ut chao_grama
p 1
ut chao_grama
p 1
ut chao_grama
p 1
ut chao_grama
p 1
ut chao_tapetevermelho
p 1
ut chao_tapetevermelho
p 1
ut chao_tapetevermelho
p 1
ut chao_tapetevermelho
p 1
ut chao_tapetevermelho
p 1
ut chao_tapetevermelho
p 1
ut chao_tapetevermelho
p 1
ut chao_grama
p 1
ut chao_grama
p 1
ut chao_grama
p 1
ut chao_grama
p 1
ut chao_grama
#
#Linha 38 TRINTA E OOOOOIIIITTTTOOOO!!!!
#
p 1
ut chao_cimento
p 1
ut chao_cimento
p 1
ut chao_cimento
p 1
ut chao_cimento
p 1
ut chao_cimento
p 1
ut chao_cimento
p 1
ut chao_cimento
p 1
ut chao_cimento
p 1
ut chao_cimento
p 1
ut chao_cimento
p 1
ut chao_cimento
p 1
ut chao_cimento
p 1
ut chao_cimento
p 1
ut chao_cimento
p 1
ut chao_cimento
p 1
ut chao_cimento
p 1
ut chao_cimento
p 1
ut chao_cimento
p 1
ut chao_cimento
p 1
ut chao_cimento
p 1
ut chao_cimento
p 1
ut chao_cimento
p 1
ut chao_cimento
p 1
ut chao_cimento
p 1
ut chao_cimento
p 1
ut chao_cimento
p 1
ut chao_cimento
p 1
ut chao_cimento
p 1
ut chao_cimento
p 1
ut chao_cimento
p 1
ut chao_cimento
p 1
ut chao_cimento
p 1
ut chao_cimento
p 1
ut chao_cimento
p 1
ut chao_cimento
p 1
ut chao_cimento
p 1
ut chao_cimento
p 1
ut chao_cimento
p 1
ut chao_cimento
p 1
ut chao_cimento
p 1
ut chao_cimento
p 1
ut chao_cimento
p 1
ut chao_cimento
p 1
ut chao_cimento
p 1
ut chao_cimento
p 1
ut chao_cimento
p 1
ut chao_cimento
p 1
ut chao_cimento
p 1
ut chao_cimento
p 1
ut chao_cimento
p 1
ut chao_cimento
p 1
ut chao_cimento
p 1
ut chao_cimento
p 1
ut chao_cimento
p 1
ut chao_cimento
p 1
ut chao_cimento
p 1
ut chao_cimento
p 1
ut chao_cimento
p 1
ut chao_cimento
p 1
ut chao_cimento
p 1
ut chao_cimento
p 1
ut chao_cimento
p 1
ut chao_cimento
p 1
ut chao_cimento
p 1
ut chao_cimento
p 1
ut chao_cimento
p 1
ut chao_cimento
p 1
ut chao_cimento
p 1
ut chao_cimento
p 1
ut chao_cimento
p 1
ut chao_cimento
p 1
ut chao_cimento
p 1
ut chao_cimento
p 1
ut chao_cimento
p 1
ut chao_cimento
p 1
ut chao_cimento
p 1
ut chao_cimento
p 1
ut chao_cimento
p 1
ut chao_cimento
p 1
ut chao_cimento
p 1
ut chao_cimento
p 1
ut chao_cimento
p 1
ut chao_cimento
p 1
ut chao_cimento
p 1
ut chao_cimento
p 1
ut chao_grama
p 1
ut chao_grama
p 1
ut chao_grama
p 1
ut chao_grama
p 1
ut chao_grama
p 1
ut chao_grama
p 1
ut chao_grama
p 1
ut chao_grama
p 1
ut chao_grama
p 1
ut chao_grama
p 1
ut chao_grama
p 1
ut chao_grama
p 1
ut chao_grama
p 1
ut chao_grama
p 1
ut chao_grama
p 1
ut chao_grama
p 1
ut chao_tapetevermelho
p 1
ut chao_tapetevermelho
p 1
ut chao_tapetevermelho
p 1
ut chao_tapetevermelho
p 1
ut chao_tapetevermelho
p 1
ut chao_grama
p 1
ut chao_grama
p 1
ut chao_grama
p 1
ut chao_grama
p 1
ut chao_grama
p 1
ut chao_grama
#
#LINHA 39 TRINTA E NOVVVEEEEEEEE
p 1
ut chao_cimento
p 1
ut chao_cimento
p 1
ut chao_cimento
p 1
ut chao_cimento
p 1
ut chao_cimento
p 1
ut chao_cimento
p 1
ut chao_cimento
p 1
ut chao_cimento
p 1
ut chao_cimento
p 1
ut chao_cimento
p 1
ut chao_cimento
p 1
ut chao_cimento
p 1
ut chao_cimento
p 1
ut chao_cimento
p 1
ut chao_cimento
p 1
ut chao_cimento
p 1
ut chao_cimento
p 1
ut chao_cimento
p 1
ut chao_cimento
p 1
ut chao_cimento
p 1
ut chao_cimento
p 1
ut chao_cimento
p 1
ut chao_cimento
p 1
ut chao_cimento
p 1
ut chao_cimento
p 1
ut chao_cimento
p 1
ut chao_cimento
p 1
ut chao_cimento
p 1
ut chao_cimento
p 1
ut chao_cimento
p 1
ut chao_cimento
p 1
ut chao_cimento
p 1
ut chao_cimento
p 1
ut chao_cimento
p 1
ut chao_cimento
p 1
ut chao_cimento
p 1
ut chao_cimento
p 1
ut chao_cimento
p 1
ut chao_cimento
p 1
ut chao_cimento
p 1
ut chao_cimento
p 1
ut chao_cimento
p 1
ut chao_cimento
p 1
ut chao_cimento
p 1
ut chao_cimento
p 1
ut chao_cimento
p 1
ut chao_cimento
p 1
ut chao_cimento
p 1
ut chao_cimento
p 1
ut chao_cimento
p 1
ut chao_cimento
p 1
ut chao_cimento
p 1
ut chao_cimento
p 1
ut chao_cimento
p 1
ut chao_cimento
p 1
ut chao_cimento
p 1
ut chao_cimento
p 1
ut chao_cimento
p 1
ut chao_cimento
p 1
ut chao_cimento
p 1
ut chao_cimento
p 1
ut chao_cimento
p 1
ut chao_cimento
p 1
ut chao_cimento
p 1
ut chao_cimento
p 1
ut chao_cimento
p 1
ut chao_cimento
p 1
ut chao_cimento
p 1
ut chao_cimento
p 1
ut chao_cimento
p 1
ut chao_cimento
p 1
ut chao_cimento
p 1
ut chao_cimento
p 1
ut chao_cimento
p 1
ut chao_cimento
p 1
ut chao_cimento
p 1
ut chao_cimento
p 1
ut chao_cimento
p 1
ut chao_cimento
p 1
ut chao_cimento
p 1
ut chao_cimento
p 1
ut chao_cimento
p 1
ut chao_cimento
p 1
ut chao_cimento
p 1
ut chao_cimento
p 1
ut chao_grama
p 1
ut chao_grama
p 1
ut chao_grama
p 1
ut chao_grama
p 1
ut chao_grama
p 1
ut chao_grama
p 1
ut chao_grama
p 1
ut chao_grama
p 1
ut chao_grama
p 1
ut chao_grama
p 1
ut chao_grama
p 1
ut chao_grama
p 1
ut chao_grama
p 1
ut chao_grama
p 1
ut chao_grama
p 1
ut chao_grama
p 1
ut chao_grama
p 1
ut chao_tapetevermelho
p 1
ut chao_tapetevermelho
p 1
ut chao_tapetevermelho
p 1
ut chao_grama
p 1
ut chao_grama
p 1
ut chao_grama
p 1
ut chao_grama
p 1
ut chao_grama
p 1
ut chao_grama
p 1
ut chao_grama
# 
#LINHA 40!!!!!
p 1
ut chao_cimento
p 1
ut chao_cimento
p 1
ut chao_cimento
p 1
ut chao_cimento
p 1
ut chao_cimento
p 1
ut chao_cimento
p 1
ut chao_cimento
p 1
ut chao_cimento
p 1
ut chao_cimento
p 1
ut chao_cimento
p 1
ut chao_cimento
p 1
ut chao_cimento
p 1
ut chao_cimento
p 1
ut chao_cimento
p 1
ut chao_cimento
p 1
ut chao_cimento
p 1
ut chao_cimento
p 1
ut chao_cimento
p 1
ut chao_cimento
p 1
ut chao_cimento
p 1
ut chao_cimento
p 1
ut chao_cimento
p 1
ut chao_cimento
p 1
ut chao_cimento
p 1
ut chao_cimento
p 1
ut chao_cimento
p 1
ut chao_cimento
p 1
ut chao_cimento
p 1
ut chao_cimento
p 1
ut chao_cimento
p 1
ut chao_cimento
p 1
ut chao_cimento
p 1
ut chao_cimento
p 1
ut chao_cimento
p 1
ut chao_cimento
p 1
ut chao_cimento
p 1
ut chao_cimento
p 1
ut chao_cimento
p 1
ut chao_cimento
p 1
ut chao_cimento
p 1
ut chao_cimento
p 1
ut chao_cimento
p 1
ut chao_cimento
p 1
ut chao_cimento
p 1
ut chao_cimento
p 1
ut chao_cimento
p 1
ut chao_cimento
p 1
ut chao_cimento
p 1
ut chao_cimento
p 1
ut chao_cimento
p 1
ut chao_cimento
p 1
ut chao_cimento
p 1
ut chao_cimento
p 1
ut chao_cimento
p 1
ut chao_cimento
p 1
ut chao_cimento
p 1
ut chao_cimento
p 1
ut chao_cimento
p 1
ut chao_cimento
p 1
ut chao_cimento
p 1
ut chao_cimento
p 1
ut chao_cimento
p 1
ut chao_cimento
p 1
ut chao_cimento
p 1
ut chao_cimento
p 1
ut chao_cimento
p 1
ut chao_cimento
p 1
ut chao_cimento
p 1
ut chao_cimento
p 1
ut chao_cimento
p 1
ut chao_cimento
p 1
ut chao_cimento
p 1
ut chao_cimento
p 1
ut chao_cimento
p 1
ut chao_cimento
p 1
ut chao_cimento
p 1
ut chao_cimento
p 1
ut chao_cimento
p 1
ut chao_cimento
p 1
ut chao_cimento
p 1
ut chao_cimento
p 1
ut chao_cimento
p 1
ut chao_cimento
p 1
ut chao_cimento
p 1
ut chao_cimento
p 1
ut chao_grama
p 1
ut chao_grama
p 1
ut chao_grama
p 1
ut chao_grama
p 1
ut chao_grama
p 1
ut chao_grama
p 1
ut chao_grama
p 1
ut chao_grama
p 1
ut chao_grama
p 1
ut chao_grama
p 1
ut chao_grama
p 1
ut chao_grama
p 1
ut chao_grama
p 1
ut chao_grama
p 1
ut chao_grama
p 1
ut chao_grama
p 1
ut chao_grama
p 1
ut chao_grama
p 1
ut chao_grama
p 1
ut chao_grama
p 1
ut chao_grama
p 1
ut chao_grama
p 1
ut chao_grama
p 1
ut chao_grama
p 1
ut chao_grama
p 1
ut chao_grama
p 1
ut chao_grama
i 3,3
